Archive member included to satisfy reference by file (symbol)

/home/xenir/.eclipse/com.st.stm32cube.ide.mcu.rcp.product_1.3.0_1935175002_linux_gtk_x86_64/plugins/com.st.stm32cube.ide.mcu.externaltools.gnu-tools-for-stm32.7-2018-q2-update.linux64_1.4.0.202007081208/tools/bin/../lib/gcc/arm-none-eabi/7.3.1/../../../../arm-none-eabi/lib/thumb/v7e-m/fpv4-sp/hard/libstdc++_nano.a(new_op.o)
                              Core/Src/main.o (operator new(unsigned int))
/home/xenir/.eclipse/com.st.stm32cube.ide.mcu.rcp.product_1.3.0_1935175002_linux_gtk_x86_64/plugins/com.st.stm32cube.ide.mcu.externaltools.gnu-tools-for-stm32.7-2018-q2-update.linux64_1.4.0.202007081208/tools/bin/../lib/gcc/arm-none-eabi/7.3.1/../../../../arm-none-eabi/lib/thumb/v7e-m/fpv4-sp/hard/libstdc++_nano.a(new_handler.o)
                              /home/xenir/.eclipse/com.st.stm32cube.ide.mcu.rcp.product_1.3.0_1935175002_linux_gtk_x86_64/plugins/com.st.stm32cube.ide.mcu.externaltools.gnu-tools-for-stm32.7-2018-q2-update.linux64_1.4.0.202007081208/tools/bin/../lib/gcc/arm-none-eabi/7.3.1/../../../../arm-none-eabi/lib/thumb/v7e-m/fpv4-sp/hard/libstdc++_nano.a(new_op.o) (std::get_new_handler())
/home/xenir/.eclipse/com.st.stm32cube.ide.mcu.rcp.product_1.3.0_1935175002_linux_gtk_x86_64/plugins/com.st.stm32cube.ide.mcu.externaltools.gnu-tools-for-stm32.7-2018-q2-update.linux64_1.4.0.202007081208/tools/bin/../lib/gcc/arm-none-eabi/7.3.1/../../../../arm-none-eabi/lib/thumb/v7e-m/fpv4-sp/hard/libc_nano.a(lib_a-abort.o)
                              /home/xenir/.eclipse/com.st.stm32cube.ide.mcu.rcp.product_1.3.0_1935175002_linux_gtk_x86_64/plugins/com.st.stm32cube.ide.mcu.externaltools.gnu-tools-for-stm32.7-2018-q2-update.linux64_1.4.0.202007081208/tools/bin/../lib/gcc/arm-none-eabi/7.3.1/../../../../arm-none-eabi/lib/thumb/v7e-m/fpv4-sp/hard/libstdc++_nano.a(new_op.o) (abort)
/home/xenir/.eclipse/com.st.stm32cube.ide.mcu.rcp.product_1.3.0_1935175002_linux_gtk_x86_64/plugins/com.st.stm32cube.ide.mcu.externaltools.gnu-tools-for-stm32.7-2018-q2-update.linux64_1.4.0.202007081208/tools/bin/../lib/gcc/arm-none-eabi/7.3.1/../../../../arm-none-eabi/lib/thumb/v7e-m/fpv4-sp/hard/libc_nano.a(lib_a-errno.o)
                              Core/Src/syscalls.o (__errno)
/home/xenir/.eclipse/com.st.stm32cube.ide.mcu.rcp.product_1.3.0_1935175002_linux_gtk_x86_64/plugins/com.st.stm32cube.ide.mcu.externaltools.gnu-tools-for-stm32.7-2018-q2-update.linux64_1.4.0.202007081208/tools/bin/../lib/gcc/arm-none-eabi/7.3.1/../../../../arm-none-eabi/lib/thumb/v7e-m/fpv4-sp/hard/libc_nano.a(lib_a-exit.o)
                              /home/xenir/.eclipse/com.st.stm32cube.ide.mcu.rcp.product_1.3.0_1935175002_linux_gtk_x86_64/plugins/com.st.stm32cube.ide.mcu.externaltools.gnu-tools-for-stm32.7-2018-q2-update.linux64_1.4.0.202007081208/tools/bin/../lib/gcc/arm-none-eabi/7.3.1/../../../../arm-none-eabi/lib/thumb/v7e-m/fpv4-sp/hard/crt0.o (exit)
/home/xenir/.eclipse/com.st.stm32cube.ide.mcu.rcp.product_1.3.0_1935175002_linux_gtk_x86_64/plugins/com.st.stm32cube.ide.mcu.externaltools.gnu-tools-for-stm32.7-2018-q2-update.linux64_1.4.0.202007081208/tools/bin/../lib/gcc/arm-none-eabi/7.3.1/../../../../arm-none-eabi/lib/thumb/v7e-m/fpv4-sp/hard/libc_nano.a(lib_a-impure.o)
                              /home/xenir/.eclipse/com.st.stm32cube.ide.mcu.rcp.product_1.3.0_1935175002_linux_gtk_x86_64/plugins/com.st.stm32cube.ide.mcu.externaltools.gnu-tools-for-stm32.7-2018-q2-update.linux64_1.4.0.202007081208/tools/bin/../lib/gcc/arm-none-eabi/7.3.1/../../../../arm-none-eabi/lib/thumb/v7e-m/fpv4-sp/hard/libc_nano.a(lib_a-exit.o) (_global_impure_ptr)
/home/xenir/.eclipse/com.st.stm32cube.ide.mcu.rcp.product_1.3.0_1935175002_linux_gtk_x86_64/plugins/com.st.stm32cube.ide.mcu.externaltools.gnu-tools-for-stm32.7-2018-q2-update.linux64_1.4.0.202007081208/tools/bin/../lib/gcc/arm-none-eabi/7.3.1/../../../../arm-none-eabi/lib/thumb/v7e-m/fpv4-sp/hard/libc_nano.a(lib_a-init.o)
                              /home/xenir/.eclipse/com.st.stm32cube.ide.mcu.rcp.product_1.3.0_1935175002_linux_gtk_x86_64/plugins/com.st.stm32cube.ide.mcu.externaltools.gnu-tools-for-stm32.7-2018-q2-update.linux64_1.4.0.202007081208/tools/bin/../lib/gcc/arm-none-eabi/7.3.1/../../../../arm-none-eabi/lib/thumb/v7e-m/fpv4-sp/hard/crt0.o (__libc_init_array)
/home/xenir/.eclipse/com.st.stm32cube.ide.mcu.rcp.product_1.3.0_1935175002_linux_gtk_x86_64/plugins/com.st.stm32cube.ide.mcu.externaltools.gnu-tools-for-stm32.7-2018-q2-update.linux64_1.4.0.202007081208/tools/bin/../lib/gcc/arm-none-eabi/7.3.1/../../../../arm-none-eabi/lib/thumb/v7e-m/fpv4-sp/hard/libc_nano.a(lib_a-malloc.o)
                              /home/xenir/.eclipse/com.st.stm32cube.ide.mcu.rcp.product_1.3.0_1935175002_linux_gtk_x86_64/plugins/com.st.stm32cube.ide.mcu.externaltools.gnu-tools-for-stm32.7-2018-q2-update.linux64_1.4.0.202007081208/tools/bin/../lib/gcc/arm-none-eabi/7.3.1/../../../../arm-none-eabi/lib/thumb/v7e-m/fpv4-sp/hard/libstdc++_nano.a(new_op.o) (malloc)
[...]
Memory Configuration

Name             Origin             Length             Attributes
RAM              0x0000000020000000 0x0000000000020000 xrw
FLASH            0x0000000008000000 0x0000000000080000 xr
*default*        0x0000000000000000 0xffffffffffffffff

Linker script and memory map

LOAD /home/xenir/.eclipse/com.st.stm32cube.ide.mcu.rcp.product_1.3.0_1935175002_linux_gtk_x86_64/plugins/com.st.stm32cube.ide.mcu.externaltools.gnu-tools-for-stm32.7-2018-q2-update.linux64_1.4.0.202007081208/tools/bin/../lib/gcc/arm-none-eabi/7.3.1/thumb/v7e-m/fpv4-sp/hard/crti.o
LOAD /home/xenir/.eclipse/com.st.stm32cube.ide.mcu.rcp.product_1.3.0_1935175002_linux_gtk_x86_64/plugins/com.st.stm32cube.ide.mcu.externaltools.gnu-tools-for-stm32.7-2018-q2-update.linux64_1.4.0.202007081208/tools/bin/../lib/gcc/arm-none-eabi/7.3.1/thumb/v7e-m/fpv4-sp/hard/crtbegin.o
LOAD /home/xenir/.eclipse/com.st.stm32cube.ide.mcu.rcp.product_1.3.0_1935175002_linux_gtk_x86_64/plugins/com.st.stm32cube.ide.mcu.externaltools.gnu-tools-for-stm32.7-2018-q2-update.linux64_1.4.0.202007081208/tools/bin/../lib/gcc/arm-none-eabi/7.3.1/../../../../arm-none-eabi/lib/thumb/v7e-m/fpv4-sp/hard/crt0.o
LOAD Core/Src/Bounce2.o
LOAD Core/Src/SimonButton.o
LOAD Core/Src/main.o
LOAD Core/Src/stm32f4xx_hal_msp.o
LOAD Core/Src/stm32f4xx_it.o
LOAD Core/Src/syscalls.o
LOAD Core/Src/sysmem.o
LOAD Core/Src/system_stm32f4xx.o
LOAD Core/Startup/startup_stm32f411ceux.o
LOAD Drivers/STM32F4xx_HAL_Driver/Src/stm32f4xx_hal.o
LOAD Drivers/STM32F4xx_HAL_Driver/Src/stm32f4xx_hal_cortex.o
LOAD Drivers/STM32F4xx_HAL_Driver/Src/stm32f4xx_hal_dma.o
LOAD Drivers/STM32F4xx_HAL_Driver/Src/stm32f4xx_hal_dma_ex.o
LOAD Drivers/STM32F4xx_HAL_Driver/Src/stm32f4xx_hal_exti.o
LOAD Drivers/STM32F4xx_HAL_Driver/Src/stm32f4xx_hal_flash.o
LOAD Drivers/STM32F4xx_HAL_Driver/Src/stm32f4xx_hal_flash_ex.o
LOAD Drivers/STM32F4xx_HAL_Driver/Src/stm32f4xx_hal_flash_ramfunc.o
LOAD Drivers/STM32F4xx_HAL_Driver/Src/stm32f4xx_hal_gpio.o
LOAD Drivers/STM32F4xx_HAL_Driver/Src/stm32f4xx_hal_pwr.o
LOAD Drivers/STM32F4xx_HAL_Driver/Src/stm32f4xx_hal_pwr_ex.o
LOAD Drivers/STM32F4xx_HAL_Driver/Src/stm32f4xx_hal_rcc.o
LOAD Drivers/STM32F4xx_HAL_Driver/Src/stm32f4xx_hal_rcc_ex.o
LOAD Drivers/STM32F4xx_HAL_Driver/Src/stm32f4xx_hal_tim.o
LOAD Drivers/STM32F4xx_HAL_Driver/Src/stm32f4xx_hal_tim_ex.o
START GROUP
LOAD /home/xenir/.eclipse/com.st.stm32cube.ide.mcu.rcp.product_1.3.0_1935175002_linux_gtk_x86_64/plugins/com.st.stm32cube.ide.mcu.externaltools.gnu-tools-for-stm32.7-2018-q2-update.linux64_1.4.0.202007081208/tools/bin/../lib/gcc/arm-none-eabi/7.3.1/../../../../arm-none-eabi/lib/thumb/v7e-m/fpv4-sp/hard/libstdc++_nano.a
LOAD /home/xenir/.eclipse/com.st.stm32cube.ide.mcu.rcp.product_1.3.0_1935175002_linux_gtk_x86_64/plugins/com.st.stm32cube.ide.mcu.externaltools.gnu-tools-for-stm32.7-2018-q2-update.linux64_1.4.0.202007081208/tools/bin/../lib/gcc/arm-none-eabi/7.3.1/../../../../arm-none-eabi/lib/thumb/v7e-m/fpv4-sp/hard/libsupc++_nano.a
END GROUP
LOAD /home/xenir/.eclipse/com.st.stm32cube.ide.mcu.rcp.product_1.3.0_1935175002_linux_gtk_x86_64/plugins/com.st.stm32cube.ide.mcu.externaltools.gnu-tools-for-stm32.7-2018-q2-update.linux64_1.4.0.202007081208/tools/bin/../lib/gcc/arm-none-eabi/7.3.1/../../../../arm-none-eabi/lib/thumb/v7e-m/fpv4-sp/hard/libstdc++_nano.a
LOAD /home/xenir/.eclipse/com.st.stm32cube.ide.mcu.rcp.product_1.3.0_1935175002_linux_gtk_x86_64/plugins/com.st.stm32cube.ide.mcu.externaltools.gnu-tools-for-stm32.7-2018-q2-update.linux64_1.4.0.202007081208/tools/bin/../lib/gcc/arm-none-eabi/7.3.1/../../../../arm-none-eabi/lib/thumb/v7e-m/fpv4-sp/hard/libm.a
LOAD /home/xenir/.eclipse/com.st.stm32cube.ide.mcu.rcp.product_1.3.0_1935175002_linux_gtk_x86_64/plugins/com.st.stm32cube.ide.mcu.externaltools.gnu-tools-for-stm32.7-2018-q2-update.linux64_1.4.0.202007081208/tools/bin/../lib/gcc/arm-none-eabi/7.3.1/../../../../arm-none-eabi/lib/thumb/v7e-m/fpv4-sp/hard/libc_nano.a
START GROUP
LOAD /home/xenir/.eclipse/com.st.stm32cube.ide.mcu.rcp.product_1.3.0_1935175002_linux_gtk_x86_64/plugins/com.st.stm32cube.ide.mcu.externaltools.gnu-tools-for-stm32.7-2018-q2-update.linux64_1.4.0.202007081208/tools/bin/../lib/gcc/arm-none-eabi/7.3.1/thumb/v7e-m/fpv4-sp/hard/libgcc.a
LOAD /home/xenir/.eclipse/com.st.stm32cube.ide.mcu.rcp.product_1.3.0_1935175002_linux_gtk_x86_64/plugins/com.st.stm32cube.ide.mcu.externaltools.gnu-tools-for-stm32.7-2018-q2-update.linux64_1.4.0.202007081208/tools/bin/../lib/gcc/arm-none-eabi/7.3.1/../../../../arm-none-eabi/lib/thumb/v7e-m/fpv4-sp/hard/libc_nano.a
END GROUP
START GROUP
LOAD /home/xenir/.eclipse/com.st.stm32cube.ide.mcu.rcp.product_1.3.0_1935175002_linux_gtk_x86_64/plugins/com.st.stm32cube.ide.mcu.externaltools.gnu-tools-for-stm32.7-2018-q2-update.linux64_1.4.0.202007081208/tools/bin/../lib/gcc/arm-none-eabi/7.3.1/thumb/v7e-m/fpv4-sp/hard/libgcc.a
LOAD /home/xenir/.eclipse/com.st.stm32cube.ide.mcu.rcp.product_1.3.0_1935175002_linux_gtk_x86_64/plugins/com.st.stm32cube.ide.mcu.externaltools.gnu-tools-for-stm32.7-2018-q2-update.linux64_1.4.0.202007081208/tools/bin/../lib/gcc/arm-none-eabi/7.3.1/../../../../arm-none-eabi/lib/thumb/v7e-m/fpv4-sp/hard/libc_nano.a
END GROUP
LOAD /home/xenir/.eclipse/com.st.stm32cube.ide.mcu.rcp.product_1.3.0_1935175002_linux_gtk_x86_64/plugins/com.st.stm32cube.ide.mcu.externaltools.gnu-tools-for-stm32.7-2018-q2-update.linux64_1.4.0.202007081208/tools/bin/../lib/gcc/arm-none-eabi/7.3.1/thumb/v7e-m/fpv4-sp/hard/crtend.o
LOAD /home/xenir/.eclipse/com.st.stm32cube.ide.mcu.rcp.product_1.3.0_1935175002_linux_gtk_x86_64/plugins/com.st.stm32cube.ide.mcu.externaltools.gnu-tools-for-stm32.7-2018-q2-update.linux64_1.4.0.202007081208/tools/bin/../lib/gcc/arm-none-eabi/7.3.1/thumb/v7e-m/fpv4-sp/hard/crtn.o
                0x0000000020020000                _estack = (ORIGIN (RAM) + LENGTH (RAM))
                0x0000000000000200                _Min_Heap_Size = 0x200
                0x0000000000000400                _Min_Stack_Size = 0x400

.isr_vector     0x0000000008000000      0x198
                0x0000000008000000                . = ALIGN (0x4)
 *(.isr_vector)
 .isr_vector    0x0000000008000000      0x198 Core/Startup/startup_stm32f411ceux.o
                0x0000000008000000                g_pfnVectors
                0x0000000008000198                . = ALIGN (0x4)

.text           0x0000000008000198     0x2c0c
                0x0000000008000198                . = ALIGN (0x4)
 *(.text)
 .text          0x0000000008000198       0x40 /home/xenir/.eclipse/com.st.stm32cube.ide.mcu.rcp.product_1.3.0_1935175002_linux_gtk_x86_64/plugins/com.st.stm32cube.ide.mcu.externaltools.gnu-tools-for-stm32.7-2018-q2-update.linux64_1.4.0.202007081208/tools/bin/../lib/gcc/arm-none-eabi/7.3.1/thumb/v7e-m/fpv4-sp/hard/crtbegin.o
 .text          0x00000000080001d8       0x30 /home/xenir/.eclipse/com.st.stm32cube.ide.mcu.rcp.product_1.3.0_1935175002_linux_gtk_x86_64/plugins/com.st.stm32cube.ide.mcu.externaltools.gnu-tools-for-stm32.7-2018-q2-update.linux64_1.4.0.202007081208/tools/bin/../lib/gcc/arm-none-eabi/7.3.1/thumb/v7e-m/fpv4-sp/hard/libgcc.a(_aeabi_uldivmod.o)
                0x00000000080001d8                __aeabi_uldivmod
 .text          0x0000000008000208      0x2cc /home/xenir/.eclipse/com.st.stm32cube.ide.mcu.rcp.product_1.3.0_1935175002_linux_gtk_x86_64/plugins/com.st.stm32cube.ide.mcu.externaltools.gnu-tools-for-stm32.7-2018-q2-update.linux64_1.4.0.202007081208/tools/bin/../lib/gcc/arm-none-eabi/7.3.1/thumb/v7e-m/fpv4-sp/hard/libgcc.a(_udivmoddi4.o)
                0x0000000008000208                __udivmoddi4
 .text          0x00000000080004d4        0x4 /home/xenir/.eclipse/com.st.stm32cube.ide.mcu.rcp.product_1.3.0_1935175002_linux_gtk_x86_64/plugins/com.st.stm32cube.ide.mcu.externaltools.gnu-tools-for-stm32.7-2018-q2-update.linux64_1.4.0.202007081208/tools/bin/../lib/gcc/arm-none-eabi/7.3.1/thumb/v7e-m/fpv4-sp/hard/libgcc.a(_dvmd_tls.o)
                0x00000000080004d4                __aeabi_ldiv0
                0x00000000080004d4                __aeabi_idiv0
 *(.text*)
 .text._ZN6Bounce6millisEv
                0x00000000080004d8       0x16 Core/Src/Bounce2.o
                0x00000000080004d8                Bounce::millis()
 .text._ZN6Bounce11digitalReadEv
                0x00000000080004ee       0x2c Core/Src/Bounce2.o
                0x00000000080004ee                Bounce::digitalRead()
 .text._ZN6BounceC2Ev
                0x000000000800051a       0x28 Core/Src/Bounce2.o
                0x000000000800051a                Bounce::Bounce()
                0x000000000800051a                Bounce::Bounce()
 .text._ZN6Bounce6attachEP12GPIO_TypeDeft
                0x0000000008000542       0x46 Core/Src/Bounce2.o
                0x0000000008000542                Bounce::attach(GPIO_TypeDef*, unsigned short)
 .text._ZN6Bounce8intervalEt
                0x0000000008000588       0x1e Core/Src/Bounce2.o
                0x0000000008000588                Bounce::interval(unsigned short)
 .text._ZN6Bounce6updateEv
                0x00000000080005a6       0xd0 Core/Src/Bounce2.o
                0x00000000080005a6                Bounce::update()
 .text._ZN6Bounce4readEv
                0x0000000008000676       0x26 Core/Src/Bounce2.o
                0x0000000008000676                Bounce::read()
 .text._ZN11SimonButton5resetEv
                0x000000000800069c       0x1c Core/Src/SimonButton.o
                0x000000000800069c                SimonButton::reset()
 .text._ZN11SimonButtonC2EP17TIM_HandleTypeDef
                0x00000000080006b8       0x26 Core/Src/SimonButton.o
                0x00000000080006b8                SimonButton::SimonButton(TIM_HandleTypeDef*)
                0x00000000080006b8                SimonButton::SimonButton(TIM_HandleTypeDef*)
 .text._ZN11SimonButton8playToneEv
                0x00000000080006de       0x7a Core/Src/SimonButton.o
                0x00000000080006de                SimonButton::playTone()
 .text._ZN11SimonButton6updateEv
                0x0000000008000758       0x2c Core/Src/SimonButton.o
                0x0000000008000758                SimonButton::update()
 .text._ZN11SimonButton6invokeEv
                0x0000000008000784       0x52 Core/Src/SimonButton.o
                0x0000000008000784                SimonButton::invoke()
 .text._ZN11SimonButton12attachButtonEP6Bounce
                0x00000000080007d6       0x1c Core/Src/main.o
                0x00000000080007d6                SimonButton::attachButton(Bounce*)
 .text._ZN11SimonButton9attachLedEP12GPIO_TypeDeft
                0x00000000080007f2       0x26 Core/Src/main.o
                0x00000000080007f2                SimonButton::attachLed(GPIO_TypeDef*, unsigned short)
 .text._ZN11SimonButton7setToneEii
                0x0000000008000818       0x24 Core/Src/main.o
                0x0000000008000818                SimonButton::setTone(int, int)
 .text._ZN11SimonButton7changedEv
                0x000000000800083c       0x26 Core/Src/main.o
                0x000000000800083c                SimonButton::changed()
 *fill*         0x0000000008000862        0x2 
 .text.main     0x0000000008000864       0x7c Core/Src/main.o
                0x0000000008000864                main
 .text._Z18SystemClock_Configv
                0x00000000080008e0       0xe4 Core/Src/main.o
                0x00000000080008e0                SystemClock_Config()
 .text._ZL12MX_TIM4_Initv
                0x00000000080009c4      0x158 Core/Src/main.o
 .text._ZL12MX_GPIO_Initv
                0x0000000008000b1c       0xec Core/Src/main.o
 .text._Z17initializeButtonsPP11SimonButton
                0x0000000008000c08       0xc4 Core/Src/main.o
                0x0000000008000c08                initializeButtons(SimonButton**)
 .text._Z9addButtonP12GPIO_TypeDeftS0_tii
                0x0000000008000ccc       0x7c Core/Src/main.o
                0x0000000008000ccc                addButton(GPIO_TypeDef*, unsigned short, GPIO_TypeDef*, unsigned short, int, int)
 .text.Error_Handler
                0x0000000008000d48        0xe Core/Src/main.o
                0x0000000008000d48                Error_Handler
 *fill*         0x0000000008000d56        0x2 
 .text._Z41__static_initialization_and_destruction_0ii
                0x0000000008000d58       0x4c Core/Src/main.o
 .text._GLOBAL__sub_I_htim4
                0x0000000008000da4       0x10 Core/Src/main.o
 .text.HAL_MspInit
                0x0000000008000db4       0x50 Core/Src/stm32f4xx_hal_msp.o
                0x0000000008000db4                HAL_MspInit
 .text.HAL_TIM_Base_MspInit
                0x0000000008000e04       0x44 Core/Src/stm32f4xx_hal_msp.o
                0x0000000008000e04                HAL_TIM_Base_MspInit
 .text.HAL_TIM_MspPostInit
                0x0000000008000e48       0x74 Core/Src/stm32f4xx_hal_msp.o
                0x0000000008000e48                HAL_TIM_MspPostInit
 .text.NMI_Handler
                0x0000000008000ebc        0xe Core/Src/stm32f4xx_it.o
                0x0000000008000ebc                NMI_Handler
 .text.HardFault_Handler
                0x0000000008000eca        0x6 Core/Src/stm32f4xx_it.o
                0x0000000008000eca                HardFault_Handler
 .text.MemManage_Handler
                0x0000000008000ed0        0x6 Core/Src/stm32f4xx_it.o
                0x0000000008000ed0                MemManage_Handler
 .text.BusFault_Handler
                0x0000000008000ed6        0x6 Core/Src/stm32f4xx_it.o
                0x0000000008000ed6                BusFault_Handler
 .text.UsageFault_Handler
                0x0000000008000edc        0x6 Core/Src/stm32f4xx_it.o
                0x0000000008000edc                UsageFault_Handler
 .text.SVC_Handler
                0x0000000008000ee2        0xe Core/Src/stm32f4xx_it.o
                0x0000000008000ee2                SVC_Handler
 .text.DebugMon_Handler
                0x0000000008000ef0        0xe Core/Src/stm32f4xx_it.o
                0x0000000008000ef0                DebugMon_Handler
 .text.PendSV_Handler
                0x0000000008000efe        0xe Core/Src/stm32f4xx_it.o
                0x0000000008000efe                PendSV_Handler
 .text.SysTick_Handler
                0x0000000008000f0c        0xc Core/Src/stm32f4xx_it.o
                0x0000000008000f0c                SysTick_Handler
 .text._getpid  0x0000000008000f18       0x10 Core/Src/syscalls.o
                0x0000000008000f18                _getpid
 .text._kill    0x0000000008000f28       0x20 Core/Src/syscalls.o
                0x0000000008000f28                _kill
 .text._exit    0x0000000008000f48       0x14 Core/Src/syscalls.o
                0x0000000008000f48                _exit
 .text._sbrk    0x0000000008000f5c       0x6c Core/Src/sysmem.o
                0x0000000008000f5c                _sbrk
 .text.SystemInit
                0x0000000008000fc8       0x2c Core/Src/system_stm32f4xx.o
                0x0000000008000fc8                SystemInit
 .text.Reset_Handler
                0x0000000008000ff4       0x50 Core/Startup/startup_stm32f411ceux.o
                0x0000000008000ff4                Reset_Handler
 .text.Default_Handler
                0x0000000008001044        0x2 Core/Startup/startup_stm32f411ceux.o
                0x0000000008001044                RTC_Alarm_IRQHandler
                0x0000000008001044                EXTI2_IRQHandler
                0x0000000008001044                SPI4_IRQHandler
                0x0000000008001044                TIM1_CC_IRQHandler
                0x0000000008001044                DMA2_Stream5_IRQHandler
                0x0000000008001044                DMA1_Stream5_IRQHandler
                0x0000000008001044                PVD_IRQHandler
                0x0000000008001044                SDIO_IRQHandler
                0x0000000008001044                TAMP_STAMP_IRQHandler
                0x0000000008001044                EXTI3_IRQHandler
                0x0000000008001044                TIM1_UP_TIM10_IRQHandler
                0x0000000008001044                I2C3_ER_IRQHandler
                0x0000000008001044                EXTI0_IRQHandler
                0x0000000008001044                I2C2_EV_IRQHandler
                0x0000000008001044                DMA1_Stream2_IRQHandler
                0x0000000008001044                FPU_IRQHandler
                0x0000000008001044                DMA2_Stream2_IRQHandler
                0x0000000008001044                SPI1_IRQHandler
                0x0000000008001044                TIM1_BRK_TIM9_IRQHandler
                0x0000000008001044                DMA2_Stream3_IRQHandler
                0x0000000008001044                USART6_IRQHandler
                0x0000000008001044                DMA2_Stream0_IRQHandler
                0x0000000008001044                TIM4_IRQHandler
                0x0000000008001044                I2C1_EV_IRQHandler
                0x0000000008001044                DMA1_Stream6_IRQHandler
                0x0000000008001044                DMA1_Stream1_IRQHandler
                0x0000000008001044                TIM3_IRQHandler
                0x0000000008001044                RCC_IRQHandler
                0x0000000008001044                Default_Handler
                0x0000000008001044                EXTI15_10_IRQHandler
                0x0000000008001044                ADC_IRQHandler
                0x0000000008001044                DMA1_Stream7_IRQHandler
                0x0000000008001044                SPI5_IRQHandler
                0x0000000008001044                TIM5_IRQHandler
                0x0000000008001044                DMA2_Stream7_IRQHandler
                0x0000000008001044                I2C3_EV_IRQHandler
                0x0000000008001044                EXTI9_5_IRQHandler
                0x0000000008001044                RTC_WKUP_IRQHandler
                0x0000000008001044                SPI2_IRQHandler
                0x0000000008001044                DMA1_Stream0_IRQHandler
                0x0000000008001044                EXTI4_IRQHandler
                0x0000000008001044                WWDG_IRQHandler
                0x0000000008001044                TIM2_IRQHandler
                0x0000000008001044                OTG_FS_WKUP_IRQHandler
                0x0000000008001044                TIM1_TRG_COM_TIM11_IRQHandler
                0x0000000008001044                EXTI1_IRQHandler
                0x0000000008001044                USART2_IRQHandler
                0x0000000008001044                I2C2_ER_IRQHandler
                0x0000000008001044                DMA2_Stream1_IRQHandler
                0x0000000008001044                FLASH_IRQHandler
                0x0000000008001044                DMA2_Stream4_IRQHandler
                0x0000000008001044                USART1_IRQHandler
                0x0000000008001044                OTG_FS_IRQHandler
                0x0000000008001044                SPI3_IRQHandler
                0x0000000008001044                DMA1_Stream4_IRQHandler
                0x0000000008001044                I2C1_ER_IRQHandler
                0x0000000008001044                DMA2_Stream6_IRQHandler
                0x0000000008001044                DMA1_Stream3_IRQHandler
 *fill*         0x0000000008001046        0x2 
 .text.HAL_Init
                0x0000000008001048       0x44 Drivers/STM32F4xx_HAL_Driver/Src/stm32f4xx_hal.o
                0x0000000008001048                HAL_Init
 .text.HAL_InitTick
                0x000000000800108c       0x60 Drivers/STM32F4xx_HAL_Driver/Src/stm32f4xx_hal.o
                0x000000000800108c                HAL_InitTick
 .text.HAL_IncTick
                0x00000000080010ec       0x28 Drivers/STM32F4xx_HAL_Driver/Src/stm32f4xx_hal.o
                0x00000000080010ec                HAL_IncTick
 .text.HAL_GetTick
                0x0000000008001114       0x18 Drivers/STM32F4xx_HAL_Driver/Src/stm32f4xx_hal.o
                0x0000000008001114                HAL_GetTick
 .text.__NVIC_SetPriorityGrouping
                0x000000000800112c       0x48 Drivers/STM32F4xx_HAL_Driver/Src/stm32f4xx_hal_cortex.o
 .text.__NVIC_GetPriorityGrouping
                0x0000000008001174       0x1c Drivers/STM32F4xx_HAL_Driver/Src/stm32f4xx_hal_cortex.o
 .text.__NVIC_SetPriority
                0x0000000008001190       0x54 Drivers/STM32F4xx_HAL_Driver/Src/stm32f4xx_hal_cortex.o
 .text.NVIC_EncodePriority
                0x00000000080011e4       0x66 Drivers/STM32F4xx_HAL_Driver/Src/stm32f4xx_hal_cortex.o
 *fill*         0x000000000800124a        0x2 
 .text.SysTick_Config
                0x000000000800124c       0x44 Drivers/STM32F4xx_HAL_Driver/Src/stm32f4xx_hal_cortex.o
 .text.HAL_NVIC_SetPriorityGrouping
                0x0000000008001290       0x16 Drivers/STM32F4xx_HAL_Driver/Src/stm32f4xx_hal_cortex.o
                0x0000000008001290                HAL_NVIC_SetPriorityGrouping
 .text.HAL_NVIC_SetPriority
                0x00000000080012a6       0x38 Drivers/STM32F4xx_HAL_Driver/Src/stm32f4xx_hal_cortex.o
                0x00000000080012a6                HAL_NVIC_SetPriority
 .text.HAL_SYSTICK_Config
                0x00000000080012de       0x18 Drivers/STM32F4xx_HAL_Driver/Src/stm32f4xx_hal_cortex.o
                0x00000000080012de                HAL_SYSTICK_Config
 *fill*         0x00000000080012f6        0x2 
 .text.HAL_GPIO_Init
                0x00000000080012f8      0x304 Drivers/STM32F4xx_HAL_Driver/Src/stm32f4xx_hal_gpio.o
                0x00000000080012f8                HAL_GPIO_Init
 .text.HAL_GPIO_ReadPin
                0x00000000080015fc       0x30 Drivers/STM32F4xx_HAL_Driver/Src/stm32f4xx_hal_gpio.o
                0x00000000080015fc                HAL_GPIO_ReadPin
 .text.HAL_GPIO_WritePin
                0x000000000800162c       0x32 Drivers/STM32F4xx_HAL_Driver/Src/stm32f4xx_hal_gpio.o
                0x000000000800162c                HAL_GPIO_WritePin
 *fill*         0x000000000800165e        0x2 
 .text.HAL_RCC_OscConfig
                0x0000000008001660      0x4e0 Drivers/STM32F4xx_HAL_Driver/Src/stm32f4xx_hal_rcc.o
                0x0000000008001660                HAL_RCC_OscConfig
 .text.HAL_RCC_ClockConfig
                0x0000000008001b40      0x1cc Drivers/STM32F4xx_HAL_Driver/Src/stm32f4xx_hal_rcc.o
                0x0000000008001b40                HAL_RCC_ClockConfig
 .text.HAL_RCC_GetSysClockFreq
                0x0000000008001d0c      0x164 Drivers/STM32F4xx_HAL_Driver/Src/stm32f4xx_hal_rcc.o
                0x0000000008001d0c                HAL_RCC_GetSysClockFreq
 .text.HAL_TIM_Base_Init
                0x0000000008001e70       0x56 Drivers/STM32F4xx_HAL_Driver/Src/stm32f4xx_hal_tim.o
                0x0000000008001e70                HAL_TIM_Base_Init
 .text.HAL_TIM_Base_Start
                0x0000000008001ec6       0x48 Drivers/STM32F4xx_HAL_Driver/Src/stm32f4xx_hal_tim.o
                0x0000000008001ec6                HAL_TIM_Base_Start
 .text.HAL_TIM_PWM_Init
                0x0000000008001f0e       0x56 Drivers/STM32F4xx_HAL_Driver/Src/stm32f4xx_hal_tim.o
                0x0000000008001f0e                HAL_TIM_PWM_Init
 .text.HAL_TIM_PWM_MspInit
                0x0000000008001f64       0x14 Drivers/STM32F4xx_HAL_Driver/Src/stm32f4xx_hal_tim.o
                0x0000000008001f64                HAL_TIM_PWM_MspInit
 .text.HAL_TIM_PWM_Start
                0x0000000008001f78       0x64 Drivers/STM32F4xx_HAL_Driver/Src/stm32f4xx_hal_tim.o
                0x0000000008001f78                HAL_TIM_PWM_Start
 .text.HAL_TIM_PWM_Stop
                0x0000000008001fdc       0x98 Drivers/STM32F4xx_HAL_Driver/Src/stm32f4xx_hal_tim.o
                0x0000000008001fdc                HAL_TIM_PWM_Stop
 .text.HAL_TIM_PWM_ConfigChannel
                0x0000000008002074      0x18c Drivers/STM32F4xx_HAL_Driver/Src/stm32f4xx_hal_tim.o
                0x0000000008002074                HAL_TIM_PWM_ConfigChannel
 .text.HAL_TIM_ConfigClockSource
                0x0000000008002200      0x16e Drivers/STM32F4xx_HAL_Driver/Src/stm32f4xx_hal_tim.o
                0x0000000008002200                HAL_TIM_ConfigClockSource
 .text.HAL_TIM_SlaveConfigSynchro
                0x000000000800236e       0x84 Drivers/STM32F4xx_HAL_Driver/Src/stm32f4xx_hal_tim.o
                0x000000000800236e                HAL_TIM_SlaveConfigSynchro
 *fill*         0x00000000080023f2        0x2 
 .text.TIM_Base_SetConfig
                0x00000000080023f4      0x100 Drivers/STM32F4xx_HAL_Driver/Src/stm32f4xx_hal_tim.o
                0x00000000080023f4                TIM_Base_SetConfig
 .text.TIM_OC1_SetConfig
                0x00000000080024f4       0xcc Drivers/STM32F4xx_HAL_Driver/Src/stm32f4xx_hal_tim.o
 .text.TIM_OC2_SetConfig
                0x00000000080025c0       0xd8 Drivers/STM32F4xx_HAL_Driver/Src/stm32f4xx_hal_tim.o
                0x00000000080025c0                TIM_OC2_SetConfig
 .text.TIM_OC3_SetConfig
                0x0000000008002698       0xd4 Drivers/STM32F4xx_HAL_Driver/Src/stm32f4xx_hal_tim.o
 .text.TIM_OC4_SetConfig
                0x000000000800276c       0xa0 Drivers/STM32F4xx_HAL_Driver/Src/stm32f4xx_hal_tim.o
 .text.TIM_SlaveTimer_SetConfig
                0x000000000800280c      0x10c Drivers/STM32F4xx_HAL_Driver/Src/stm32f4xx_hal_tim.o
 .text.TIM_TI1_ConfigInputStage
                0x0000000008002918       0x5e Drivers/STM32F4xx_HAL_Driver/Src/stm32f4xx_hal_tim.o
 .text.TIM_TI2_ConfigInputStage
                0x0000000008002976       0x60 Drivers/STM32F4xx_HAL_Driver/Src/stm32f4xx_hal_tim.o
 .text.TIM_ITRx_SetConfig
                0x00000000080029d6       0x36 Drivers/STM32F4xx_HAL_Driver/Src/stm32f4xx_hal_tim.o
 .text.TIM_ETR_SetConfig
                0x0000000008002a0c       0x40 Drivers/STM32F4xx_HAL_Driver/Src/stm32f4xx_hal_tim.o
                0x0000000008002a0c                TIM_ETR_SetConfig
 .text.TIM_CCxChannelCmd
                0x0000000008002a4c       0x4a Drivers/STM32F4xx_HAL_Driver/Src/stm32f4xx_hal_tim.o
                0x0000000008002a4c                TIM_CCxChannelCmd
 *fill*         0x0000000008002a96        0x2 
 .text.HAL_TIMEx_MasterConfigSynchronization
                0x0000000008002a98       0xdc Drivers/STM32F4xx_HAL_Driver/Src/stm32f4xx_hal_tim_ex.o
                0x0000000008002a98                HAL_TIMEx_MasterConfigSynchronization
 .text._Znwj    0x0000000008002b74       0x22 /home/xenir/.eclipse/com.st.stm32cube.ide.mcu.rcp.product_1.3.0_1935175002_linux_gtk_x86_64/plugins/com.st.stm32cube.ide.mcu.externaltools.gnu-tools-for-stm32.7-2018-q2-update.linux64_1.4.0.202007081208/tools/bin/../lib/gcc/arm-none-eabi/7.3.1/../../../../arm-none-eabi/lib/thumb/v7e-m/fpv4-sp/hard/libstdc++_nano.a(new_op.o)
                0x0000000008002b74                operator new(unsigned int)
 *fill*         0x0000000008002b96        0x2 
 .text._ZSt15get_new_handlerv
                0x0000000008002b98       0x10 /home/xenir/.eclipse/com.st.stm32cube.ide.mcu.rcp.product_1.3.0_1935175002_linux_gtk_x86_64/plugins/com.st.stm32cube.ide.mcu.externaltools.gnu-tools-for-stm32.7-2018-q2-update.linux64_1.4.0.202007081208/tools/bin/../lib/gcc/arm-none-eabi/7.3.1/../../../../arm-none-eabi/lib/thumb/v7e-m/fpv4-sp/hard/libstdc++_nano.a(new_handler.o)
                0x0000000008002b98                std::get_new_handler()
 .text.abort    0x0000000008002ba8        0xe /home/xenir/.eclipse/com.st.stm32cube.ide.mcu.rcp.product_1.3.0_1935175002_linux_gtk_x86_64/plugins/com.st.stm32cube.ide.mcu.externaltools.gnu-tools-for-stm32.7-2018-q2-update.linux64_1.4.0.202007081208/tools/bin/../lib/gcc/arm-none-eabi/7.3.1/../../../../arm-none-eabi/lib/thumb/v7e-m/fpv4-sp/hard/libc_nano.a(lib_a-abort.o)
                0x0000000008002ba8                abort
 *fill*         0x0000000008002bb6        0x2 
 .text.__errno  0x0000000008002bb8        0xc /home/xenir/.eclipse/com.st.stm32cube.ide.mcu.rcp.product_1.3.0_1935175002_linux_gtk_x86_64/plugins/com.st.stm32cube.ide.mcu.externaltools.gnu-tools-for-stm32.7-2018-q2-update.linux64_1.4.0.202007081208/tools/bin/../lib/gcc/arm-none-eabi/7.3.1/../../../../arm-none-eabi/lib/thumb/v7e-m/fpv4-sp/hard/libc_nano.a(lib_a-errno.o)
                0x0000000008002bb8                __errno
 .text.__libc_init_array
                0x0000000008002bc4       0x48 /home/xenir/.eclipse/com.st.stm32cube.ide.mcu.rcp.product_1.3.0_1935175002_linux_gtk_x86_64/plugins/com.st.stm32cube.ide.mcu.externaltools.gnu-tools-for-stm32.7-2018-q2-update.linux64_1.4.0.202007081208/tools/bin/../lib/gcc/arm-none-eabi/7.3.1/../../../../arm-none-eabi/lib/thumb/v7e-m/fpv4-sp/hard/libc_nano.a(lib_a-init.o)
                0x0000000008002bc4                __libc_init_array
 .text.malloc   0x0000000008002c0c       0x10 /home/xenir/.eclipse/com.st.stm32cube.ide.mcu.rcp.product_1.3.0_1935175002_linux_gtk_x86_64/plugins/com.st.stm32cube.ide.mcu.externaltools.gnu-tools-for-stm32.7-2018-q2-update.linux64_1.4.0.202007081208/tools/bin/../lib/gcc/arm-none-eabi/7.3.1/../../../../arm-none-eabi/lib/thumb/v7e-m/fpv4-sp/hard/libc_nano.a(lib_a-malloc.o)
                0x0000000008002c0c                malloc
 .text.memset   0x0000000008002c1c       0x10 /home/xenir/.eclipse/com.st.stm32cube.ide.mcu.rcp.product_1.3.0_1935175002_linux_gtk_x86_64/plugins/com.st.stm32cube.ide.mcu.externaltools.gnu-tools-for-stm32.7-2018-q2-update.linux64_1.4.0.202007081208/tools/bin/../lib/gcc/arm-none-eabi/7.3.1/../../../../arm-none-eabi/lib/thumb/v7e-m/fpv4-sp/hard/libc_nano.a(lib_a-memset.o)
                0x0000000008002c1c                memset
 .text._malloc_r
                0x0000000008002c2c       0xb4 /home/xenir/.eclipse/com.st.stm32cube.ide.mcu.rcp.product_1.3.0_1935175002_linux_gtk_x86_64/plugins/com.st.stm32cube.ide.mcu.externaltools.gnu-tools-for-stm32.7-2018-q2-update.linux64_1.4.0.202007081208/tools/bin/../lib/gcc/arm-none-eabi/7.3.1/../../../../arm-none-eabi/lib/thumb/v7e-m/fpv4-sp/hard/libc_nano.a(lib_a-nano-mallocr.o)
                0x0000000008002c2c                _malloc_r
 .text._sbrk_r  0x0000000008002ce0       0x20 /home/xenir/.eclipse/com.st.stm32cube.ide.mcu.rcp.product_1.3.0_1935175002_linux_gtk_x86_64/plugins/com.st.stm32cube.ide.mcu.externaltools.gnu-tools-for-stm32.7-2018-q2-update.linux64_1.4.0.202007081208/tools/bin/../lib/gcc/arm-none-eabi/7.3.1/../../../../arm-none-eabi/lib/thumb/v7e-m/fpv4-sp/hard/libc_nano.a(lib_a-sbrkr.o)
                0x0000000008002ce0                _sbrk_r
 .text._raise_r
                0x0000000008002d00       0x50 /home/xenir/.eclipse/com.st.stm32cube.ide.mcu.rcp.product_1.3.0_1935175002_linux_gtk_x86_64/plugins/com.st.stm32cube.ide.mcu.externaltools.gnu-tools-for-stm32.7-2018-q2-update.linux64_1.4.0.202007081208/tools/bin/../lib/gcc/arm-none-eabi/7.3.1/../../../../arm-none-eabi/lib/thumb/v7e-m/fpv4-sp/hard/libc_nano.a(lib_a-signal.o)
                0x0000000008002d00                _raise_r
 .text.raise    0x0000000008002d50       0x10 /home/xenir/.eclipse/com.st.stm32cube.ide.mcu.rcp.product_1.3.0_1935175002_linux_gtk_x86_64/plugins/com.st.stm32cube.ide.mcu.externaltools.gnu-tools-for-stm32.7-2018-q2-update.linux64_1.4.0.202007081208/tools/bin/../lib/gcc/arm-none-eabi/7.3.1/../../../../arm-none-eabi/lib/thumb/v7e-m/fpv4-sp/hard/libc_nano.a(lib_a-signal.o)
                0x0000000008002d50                raise
 .text._kill_r  0x0000000008002d60       0x24 /home/xenir/.eclipse/com.st.stm32cube.ide.mcu.rcp.product_1.3.0_1935175002_linux_gtk_x86_64/plugins/com.st.stm32cube.ide.mcu.externaltools.gnu-tools-for-stm32.7-2018-q2-update.linux64_1.4.0.202007081208/tools/bin/../lib/gcc/arm-none-eabi/7.3.1/../../../../arm-none-eabi/lib/thumb/v7e-m/fpv4-sp/hard/libc_nano.a(lib_a-signalr.o)
                0x0000000008002d60                _kill_r
 .text._getpid_r
                0x0000000008002d84        0x4 /home/xenir/.eclipse/com.st.stm32cube.ide.mcu.rcp.product_1.3.0_1935175002_linux_gtk_x86_64/plugins/com.st.stm32cube.ide.mcu.externaltools.gnu-tools-for-stm32.7-2018-q2-update.linux64_1.4.0.202007081208/tools/bin/../lib/gcc/arm-none-eabi/7.3.1/../../../../arm-none-eabi/lib/thumb/v7e-m/fpv4-sp/hard/libc_nano.a(lib_a-signalr.o)
                0x0000000008002d84                _getpid_r
 .text.__malloc_lock
                0x0000000008002d88        0x2 /home/xenir/.eclipse/com.st.stm32cube.ide.mcu.rcp.product_1.3.0_1935175002_linux_gtk_x86_64/plugins/com.st.stm32cube.ide.mcu.externaltools.gnu-tools-for-stm32.7-2018-q2-update.linux64_1.4.0.202007081208/tools/bin/../lib/gcc/arm-none-eabi/7.3.1/../../../../arm-none-eabi/lib/thumb/v7e-m/fpv4-sp/hard/libc_nano.a(lib_a-mlock.o)
                0x0000000008002d88                __malloc_lock
 .text.__malloc_unlock
                0x0000000008002d8a        0x2 /home/xenir/.eclipse/com.st.stm32cube.ide.mcu.rcp.product_1.3.0_1935175002_linux_gtk_x86_64/plugins/com.st.stm32cube.ide.mcu.externaltools.gnu-tools-for-stm32.7-2018-q2-update.linux64_1.4.0.202007081208/tools/bin/../lib/gcc/arm-none-eabi/7.3.1/../../../../arm-none-eabi/lib/thumb/v7e-m/fpv4-sp/hard/libc_nano.a(lib_a-mlock.o)
                0x0000000008002d8a                __malloc_unlock
 *(.glue_7)
 .glue_7        0x0000000008002d8c        0x0 linker stubs
 *(.glue_7t)
 .glue_7t       0x0000000008002d8c        0x0 linker stubs
 *(.eh_frame)
 .eh_frame      0x0000000008002d8c        0x0 /home/xenir/.eclipse/com.st.stm32cube.ide.mcu.rcp.product_1.3.0_1935175002_linux_gtk_x86_64/plugins/com.st.stm32cube.ide.mcu.externaltools.gnu-tools-for-stm32.7-2018-q2-update.linux64_1.4.0.202007081208/tools/bin/../lib/gcc/arm-none-eabi/7.3.1/thumb/v7e-m/fpv4-sp/hard/crtbegin.o
 *(.init)
 .init          0x0000000008002d8c        0x4 /home/xenir/.eclipse/com.st.stm32cube.ide.mcu.rcp.product_1.3.0_1935175002_linux_gtk_x86_64/plugins/com.st.stm32cube.ide.mcu.externaltools.gnu-tools-for-stm32.7-2018-q2-update.linux64_1.4.0.202007081208/tools/bin/../lib/gcc/arm-none-eabi/7.3.1/thumb/v7e-m/fpv4-sp/hard/crti.o
                0x0000000008002d8c                _init
 .init          0x0000000008002d90        0x8 /home/xenir/.eclipse/com.st.stm32cube.ide.mcu.rcp.product_1.3.0_1935175002_linux_gtk_x86_64/plugins/com.st.stm32cube.ide.mcu.externaltools.gnu-tools-for-stm32.7-2018-q2-update.linux64_1.4.0.202007081208/tools/bin/../lib/gcc/arm-none-eabi/7.3.1/thumb/v7e-m/fpv4-sp/hard/crtn.o
 *(.fini)
 .fini          0x0000000008002d98        0x4 /home/xenir/.eclipse/com.st.stm32cube.ide.mcu.rcp.product_1.3.0_1935175002_linux_gtk_x86_64/plugins/com.st.stm32cube.ide.mcu.externaltools.gnu-tools-for-stm32.7-2018-q2-update.linux64_1.4.0.202007081208/tools/bin/../lib/gcc/arm-none-eabi/7.3.1/thumb/v7e-m/fpv4-sp/hard/crti.o
                0x0000000008002d98                _fini
 .fini          0x0000000008002d9c        0x8 /home/xenir/.eclipse/com.st.stm32cube.ide.mcu.rcp.product_1.3.0_1935175002_linux_gtk_x86_64/plugins/com.st.stm32cube.ide.mcu.externaltools.gnu-tools-for-stm32.7-2018-q2-update.linux64_1.4.0.202007081208/tools/bin/../lib/gcc/arm-none-eabi/7.3.1/thumb/v7e-m/fpv4-sp/hard/crtn.o
                0x0000000008002da4                . = ALIGN (0x4)
                0x0000000008002da4                _etext = .

.vfp11_veneer   0x0000000008002da4        0x0
 .vfp11_veneer  0x0000000008002da4        0x0 linker stubs

.v4_bx          0x0000000008002da4        0x0
 .v4_bx         0x0000000008002da4        0x0 linker stubs

.iplt           0x0000000008002da4        0x0
 .iplt          0x0000000008002da4        0x0 /home/xenir/.eclipse/com.st.stm32cube.ide.mcu.rcp.product_1.3.0_1935175002_linux_gtk_x86_64/plugins/com.st.stm32cube.ide.mcu.externaltools.gnu-tools-for-stm32.7-2018-q2-update.linux64_1.4.0.202007081208/tools/bin/../lib/gcc/arm-none-eabi/7.3.1/thumb/v7e-m/fpv4-sp/hard/crtbegin.o

.rodata         0x0000000008002da4       0x10
                0x0000000008002da4                . = ALIGN (0x4)
 *(.rodata)
 *(.rodata*)
 .rodata.AHBPrescTable
                0x0000000008002da4       0x10 Core/Src/system_stm32f4xx.o
                0x0000000008002da4                AHBPrescTable
                0x0000000008002db4                . = ALIGN (0x4)

.ARM.extab      0x0000000008002db4        0x0
                0x0000000008002db4                . = ALIGN (0x4)
 *(.ARM.extab* .gnu.linkonce.armextab.*)
                0x0000000008002db4                . = ALIGN (0x4)

.ARM            0x0000000008002db4        0x8
                0x0000000008002db4                . = ALIGN (0x4)
                0x0000000008002db4                __exidx_start = .
 *(.ARM.exidx*)
 .ARM.exidx     0x0000000008002db4        0x8 /home/xenir/.eclipse/com.st.stm32cube.ide.mcu.rcp.product_1.3.0_1935175002_linux_gtk_x86_64/plugins/com.st.stm32cube.ide.mcu.externaltools.gnu-tools-for-stm32.7-2018-q2-update.linux64_1.4.0.202007081208/tools/bin/../lib/gcc/arm-none-eabi/7.3.1/thumb/v7e-m/fpv4-sp/hard/libgcc.a(_udivmoddi4.o)
                0x0000000008002dbc                __exidx_end = .
                0x0000000008002dbc                . = ALIGN (0x4)

.rel.dyn        0x0000000008002dbc        0x0
 .rel.iplt      0x0000000008002dbc        0x0 /home/xenir/.eclipse/com.st.stm32cube.ide.mcu.rcp.product_1.3.0_1935175002_linux_gtk_x86_64/plugins/com.st.stm32cube.ide.mcu.externaltools.gnu-tools-for-stm32.7-2018-q2-update.linux64_1.4.0.202007081208/tools/bin/../lib/gcc/arm-none-eabi/7.3.1/thumb/v7e-m/fpv4-sp/hard/crtbegin.o

.preinit_array  0x0000000008002dbc        0x0
                0x0000000008002dbc                . = ALIGN (0x4)
                0x0000000008002dbc                PROVIDE (__preinit_array_start = .)
 *(.preinit_array*)
                0x0000000008002dbc                PROVIDE (__preinit_array_end = .)
                0x0000000008002dbc                . = ALIGN (0x4)

.init_array     0x0000000008002dbc        0x8
                0x0000000008002dbc                . = ALIGN (0x4)
                0x0000000008002dbc                PROVIDE (__init_array_start = .)
 *(SORT_BY_NAME(.init_array.*))
 *(.init_array*)
 .init_array    0x0000000008002dbc        0x4 /home/xenir/.eclipse/com.st.stm32cube.ide.mcu.rcp.product_1.3.0_1935175002_linux_gtk_x86_64/plugins/com.st.stm32cube.ide.mcu.externaltools.gnu-tools-for-stm32.7-2018-q2-update.linux64_1.4.0.202007081208/tools/bin/../lib/gcc/arm-none-eabi/7.3.1/thumb/v7e-m/fpv4-sp/hard/crtbegin.o
 .init_array    0x0000000008002dc0        0x4 Core/Src/main.o
                0x0000000008002dc4                PROVIDE (__init_array_end = .)
                0x0000000008002dc4                . = ALIGN (0x4)

.fini_array     0x0000000008002dc4        0x4
                0x0000000008002dc4                . = ALIGN (0x4)
                [!provide]                        PROVIDE (__fini_array_start = .)
 *(SORT_BY_NAME(.fini_array.*))
 *(.fini_array*)
 .fini_array    0x0000000008002dc4        0x4 /home/xenir/.eclipse/com.st.stm32cube.ide.mcu.rcp.product_1.3.0_1935175002_linux_gtk_x86_64/plugins/com.st.stm32cube.ide.mcu.externaltools.gnu-tools-for-stm32.7-2018-q2-update.linux64_1.4.0.202007081208/tools/bin/../lib/gcc/arm-none-eabi/7.3.1/thumb/v7e-m/fpv4-sp/hard/crtbegin.o
                [!provide]                        PROVIDE (__fini_array_end = .)
                0x0000000008002dc8                . = ALIGN (0x4)
                0x0000000008002dc8                _sidata = LOADADDR (.data)

.data           0x0000000020000000       0x70 load address 0x0000000008002dc8
                0x0000000020000000                . = ALIGN (0x4)
                0x0000000020000000                _sdata = .
 *(.data)
 *(.data*)
 .data.SystemCoreClock
                0x0000000020000000        0x4 Core/Src/system_stm32f4xx.o
                0x0000000020000000                SystemCoreClock
 .data.uwTickPrio
                0x0000000020000004        0x4 Drivers/STM32F4xx_HAL_Driver/Src/stm32f4xx_hal.o
                0x0000000020000004                uwTickPrio
 .data.uwTickFreq
                0x0000000020000008        0x1 Drivers/STM32F4xx_HAL_Driver/Src/stm32f4xx_hal.o
                0x0000000020000008                uwTickFreq
 *fill*         0x0000000020000009        0x3 
 .data._impure_ptr
                0x000000002000000c        0x4 /home/xenir/.eclipse/com.st.stm32cube.ide.mcu.rcp.product_1.3.0_1935175002_linux_gtk_x86_64/plugins/com.st.stm32cube.ide.mcu.externaltools.gnu-tools-for-stm32.7-2018-q2-update.linux64_1.4.0.202007081208/tools/bin/../lib/gcc/arm-none-eabi/7.3.1/../../../../arm-none-eabi/lib/thumb/v7e-m/fpv4-sp/hard/libc_nano.a(lib_a-impure.o)
                0x000000002000000c                _impure_ptr
 .data.impure_data
                0x0000000020000010       0x60 /home/xenir/.eclipse/com.st.stm32cube.ide.mcu.rcp.product_1.3.0_1935175002_linux_gtk_x86_64/plugins/com.st.stm32cube.ide.mcu.externaltools.gnu-tools-for-stm32.7-2018-q2-update.linux64_1.4.0.202007081208/tools/bin/../lib/gcc/arm-none-eabi/7.3.1/../../../../arm-none-eabi/lib/thumb/v7e-m/fpv4-sp/hard/libc_nano.a(lib_a-impure.o)
                0x0000000020000070                . = ALIGN (0x4)
                0x0000000020000070                _edata = .

.igot.plt       0x0000000020000070        0x0 load address 0x0000000008002e38
 .igot.plt      0x0000000020000070        0x0 /home/xenir/.eclipse/com.st.stm32cube.ide.mcu.rcp.product_1.3.0_1935175002_linux_gtk_x86_64/plugins/com.st.stm32cube.ide.mcu.externaltools.gnu-tools-for-stm32.7-2018-q2-update.linux64_1.4.0.202007081208/tools/bin/../lib/gcc/arm-none-eabi/7.3.1/thumb/v7e-m/fpv4-sp/hard/crtbegin.o
                0x0000000020000070                . = ALIGN (0x4)

.bss            0x0000000020000070       0xc4 load address 0x0000000008002e38
                0x0000000020000070                _sbss = .
                0x0000000020000070                __bss_start__ = _sbss
 *(.bss)
 .bss           0x0000000020000070       0x1c /home/xenir/.eclipse/com.st.stm32cube.ide.mcu.rcp.product_1.3.0_1935175002_linux_gtk_x86_64/plugins/com.st.stm32cube.ide.mcu.externaltools.gnu-tools-for-stm32.7-2018-q2-update.linux64_1.4.0.202007081208/tools/bin/../lib/gcc/arm-none-eabi/7.3.1/thumb/v7e-m/fpv4-sp/hard/crtbegin.o
 *(.bss*)
 .bss.htim4     0x000000002000008c       0x40 Core/Src/main.o
                0x000000002000008c                htim4
 .bss.redButton
                0x00000000200000cc       0x14 Core/Src/main.o
                0x00000000200000cc                redButton
 .bss.blueButton
                0x00000000200000e0       0x14 Core/Src/main.o
                0x00000000200000e0                blueButton
 .bss.greenButton
                0x00000000200000f4       0x14 Core/Src/main.o
                0x00000000200000f4                greenButton
 .bss.yellowButton
                0x0000000020000108       0x14 Core/Src/main.o
                0x0000000020000108                yellowButton
 .bss.__sbrk_heap_end
                0x000000002000011c        0x4 Core/Src/sysmem.o
 .bss._ZN12_GLOBAL__N_113__new_handlerE
                0x0000000020000120        0x4 /home/xenir/.eclipse/com.st.stm32cube.ide.mcu.rcp.product_1.3.0_1935175002_linux_gtk_x86_64/plugins/com.st.stm32cube.ide.mcu.externaltools.gnu-tools-for-stm32.7-2018-q2-update.linux64_1.4.0.202007081208/tools/bin/../lib/gcc/arm-none-eabi/7.3.1/../../../../arm-none-eabi/lib/thumb/v7e-m/fpv4-sp/hard/libstdc++_nano.a(new_handler.o)
 .bss.__malloc_free_list
                0x0000000020000124        0x4 /home/xenir/.eclipse/com.st.stm32cube.ide.mcu.rcp.product_1.3.0_1935175002_linux_gtk_x86_64/plugins/com.st.stm32cube.ide.mcu.externaltools.gnu-tools-for-stm32.7-2018-q2-update.linux64_1.4.0.202007081208/tools/bin/../lib/gcc/arm-none-eabi/7.3.1/../../../../arm-none-eabi/lib/thumb/v7e-m/fpv4-sp/hard/libc_nano.a(lib_a-nano-mallocr.o)
                0x0000000020000124                __malloc_free_list
 .bss.__malloc_sbrk_start
                0x0000000020000128        0x4 /home/xenir/.eclipse/com.st.stm32cube.ide.mcu.rcp.product_1.3.0_1935175002_linux_gtk_x86_64/plugins/com.st.stm32cube.ide.mcu.externaltools.gnu-tools-for-stm32.7-2018-q2-update.linux64_1.4.0.202007081208/tools/bin/../lib/gcc/arm-none-eabi/7.3.1/../../../../arm-none-eabi/lib/thumb/v7e-m/fpv4-sp/hard/libc_nano.a(lib_a-nano-mallocr.o)
                0x0000000020000128                __malloc_sbrk_start
 *(COMMON)
 COMMON         0x000000002000012c        0x4 Drivers/STM32F4xx_HAL_Driver/Src/stm32f4xx_hal.o
                0x000000002000012c                uwTick
 COMMON         0x0000000020000130        0x4 /home/xenir/.eclipse/com.st.stm32cube.ide.mcu.rcp.product_1.3.0_1935175002_linux_gtk_x86_64/plugins/com.st.stm32cube.ide.mcu.externaltools.gnu-tools-for-stm32.7-2018-q2-update.linux64_1.4.0.202007081208/tools/bin/../lib/gcc/arm-none-eabi/7.3.1/../../../../arm-none-eabi/lib/thumb/v7e-m/fpv4-sp/hard/libc_nano.a(lib_a-reent.o)
                0x0000000020000130                errno
                0x0000000020000134                . = ALIGN (0x4)
                0x0000000020000134                _ebss = .
                0x0000000020000134                __bss_end__ = _ebss

._user_heap_stack
                0x0000000020000134      0x604 load address 0x0000000008002e38
                0x0000000020000138                . = ALIGN (0x8)
 *fill*         0x0000000020000134        0x4 
                [!provide]                        PROVIDE (end = .)
                0x0000000020000138                PROVIDE (_end = .)
                0x0000000020000338                . = (. + _Min_Heap_Size)
 *fill*         0x0000000020000138      0x200 
                0x0000000020000738                . = (. + _Min_Stack_Size)
 *fill*         0x0000000020000338      0x400 
                0x0000000020000738                . = ALIGN (0x8)

/DISCARD/
 libc.a(*)
 libm.a(*)
 libgcc.a(*)

.ARM.attributes
                0x0000000000000000       0x30
 *(.ARM.attributes)
 .ARM.attributes
                0x0000000000000000       0x22 /home/xenir/.eclipse/com.st.stm32cube.ide.mcu.rcp.product_1.3.0_1935175002_linux_gtk_x86_64/plugins/com.st.stm32cube.ide.mcu.externaltools.gnu-tools-for-stm32.7-2018-q2-update.linux64_1.4.0.202007081208/tools/bin/../lib/gcc/arm-none-eabi/7.3.1/thumb/v7e-m/fpv4-sp/hard/crti.o
 .ARM.attributes
                0x0000000000000022       0x34 /home/xenir/.eclipse/com.st.stm32cube.ide.mcu.rcp.product_1.3.0_1935175002_linux_gtk_x86_64/plugins/com.st.stm32cube.ide.mcu.externaltools.gnu-tools-for-stm32.7-2018-q2-update.linux64_1.4.0.202007081208/tools/bin/../lib/gcc/arm-none-eabi/7.3.1/thumb/v7e-m/fpv4-sp/hard/crtbegin.o
 .ARM.attributes
                0x0000000000000056       0x39 Core/Src/Bounce2.o
 .ARM.attributes
                0x000000000000008f       0x39 Core/Src/SimonButton.o
 .ARM.attributes
                0x00000000000000c8       0x39 Core/Src/main.o
 .ARM.attributes
                0x0000000000000101       0x39 Core/Src/stm32f4xx_hal_msp.o
 .ARM.attributes
                0x000000000000013a       0x39 Core/Src/stm32f4xx_it.o
 .ARM.attributes
                0x0000000000000173       0x39 Core/Src/syscalls.o
 .ARM.attributes
                0x00000000000001ac       0x39 Core/Src/sysmem.o
 .ARM.attributes
                0x00000000000001e5       0x39 Core/Src/system_stm32f4xx.o
 .ARM.attributes
                0x000000000000021e       0x21 Core/Startup/startup_stm32f411ceux.o
 .ARM.attributes
                0x000000000000023f       0x39 Drivers/STM32F4xx_HAL_Driver/Src/stm32f4xx_hal.o
 .ARM.attributes
                0x0000000000000278       0x39 Drivers/STM32F4xx_HAL_Driver/Src/stm32f4xx_hal_cortex.o
 .ARM.attributes
                0x00000000000002b1       0x39 Drivers/STM32F4xx_HAL_Driver/Src/stm32f4xx_hal_gpio.o
 .ARM.attributes
                0x00000000000002ea       0x39 Drivers/STM32F4xx_HAL_Driver/Src/stm32f4xx_hal_rcc.o
 .ARM.attributes
                0x0000000000000323       0x39 Drivers/STM32F4xx_HAL_Driver/Src/stm32f4xx_hal_tim.o
 .ARM.attributes
                0x000000000000035c       0x39 Drivers/STM32F4xx_HAL_Driver/Src/stm32f4xx_hal_tim_ex.o
 .ARM.attributes
                0x0000000000000395       0x34 /home/xenir/.eclipse/com.st.stm32cube.ide.mcu.rcp.product_1.3.0_1935175002_linux_gtk_x86_64/plugins/com.st.stm32cube.ide.mcu.externaltools.gnu-tools-for-stm32.7-2018-q2-update.linux64_1.4.0.202007081208/tools/bin/../lib/gcc/arm-none-eabi/7.3.1/../../../../arm-none-eabi/lib/thumb/v7e-m/fpv4-sp/hard/libstdc++_nano.a(new_op.o)
 .ARM.attributes
                0x00000000000003c9       0x34 /home/xenir/.eclipse/com.st.stm32cube.ide.mcu.rcp.product_1.3.0_1935175002_linux_gtk_x86_64/plugins/com.st.stm32cube.ide.mcu.externaltools.gnu-tools-for-stm32.7-2018-q2-update.linux64_1.4.0.202007081208/tools/bin/../lib/gcc/arm-none-eabi/7.3.1/../../../../arm-none-eabi/lib/thumb/v7e-m/fpv4-sp/hard/libstdc++_nano.a(new_handler.o)
 .ARM.attributes
                0x00000000000003fd       0x34 /home/xenir/.eclipse/com.st.stm32cube.ide.mcu.rcp.product_1.3.0_1935175002_linux_gtk_x86_64/plugins/com.st.stm32cube.ide.mcu.externaltools.gnu-tools-for-stm32.7-2018-q2-update.linux64_1.4.0.202007081208/tools/bin/../lib/gcc/arm-none-eabi/7.3.1/../../../../arm-none-eabi/lib/thumb/v7e-m/fpv4-sp/hard/libc_nano.a(lib_a-abort.o)
 .ARM.attributes
                0x0000000000000431       0x34 /home/xenir/.eclipse/com.st.stm32cube.ide.mcu.rcp.product_1.3.0_1935175002_linux_gtk_x86_64/plugins/com.st.stm32cube.ide.mcu.externaltools.gnu-tools-for-stm32.7-2018-q2-update.linux64_1.4.0.202007081208/tools/bin/../lib/gcc/arm-none-eabi/7.3.1/../../../../arm-none-eabi/lib/thumb/v7e-m/fpv4-sp/hard/libc_nano.a(lib_a-errno.o)
 .ARM.attributes
                0x0000000000000465       0x34 /home/xenir/.eclipse/com.st.stm32cube.ide.mcu.rcp.product_1.3.0_1935175002_linux_gtk_x86_64/plugins/com.st.stm32cube.ide.mcu.externaltools.gnu-tools-for-stm32.7-2018-q2-update.linux64_1.4.0.202007081208/tools/bin/../lib/gcc/arm-none-eabi/7.3.1/../../../../arm-none-eabi/lib/thumb/v7e-m/fpv4-sp/hard/libc_nano.a(lib_a-impure.o)
 .ARM.attributes
                0x0000000000000499       0x34 /home/xenir/.eclipse/com.st.stm32cube.ide.mcu.rcp.product_1.3.0_1935175002_linux_gtk_x86_64/plugins/com.st.stm32cube.ide.mcu.externaltools.gnu-tools-for-stm32.7-2018-q2-update.linux64_1.4.0.202007081208/tools/bin/../lib/gcc/arm-none-eabi/7.3.1/../../../../arm-none-eabi/lib/thumb/v7e-m/fpv4-sp/hard/libc_nano.a(lib_a-init.o)
 .ARM.attributes
                0x00000000000004cd       0x34 /home/xenir/.eclipse/com.st.stm32cube.ide.mcu.rcp.product_1.3.0_1935175002_linux_gtk_x86_64/plugins/com.st.stm32cube.ide.mcu.externaltools.gnu-tools-for-stm32.7-2018-q2-update.linux64_1.4.0.202007081208/tools/bin/../lib/gcc/arm-none-eabi/7.3.1/../../../../arm-none-eabi/lib/thumb/v7e-m/fpv4-sp/hard/libc_nano.a(lib_a-malloc.o)
 .ARM.attributes
                0x0000000000000501       0x34 /home/xenir/.eclipse/com.st.stm32cube.ide.mcu.rcp.product_1.3.0_1935175002_linux_gtk_x86_64/plugins/com.st.stm32cube.ide.mcu.externaltools.gnu-tools-for-stm32.7-2018-q2-update.linux64_1.4.0.202007081208/tools/bin/../lib/gcc/arm-none-eabi/7.3.1/../../../../arm-none-eabi/lib/thumb/v7e-m/fpv4-sp/hard/libc_nano.a(lib_a-memset.o)
 .ARM.attributes
                0x0000000000000535       0x34 /home/xenir/.eclipse/com.st.stm32cube.ide.mcu.rcp.product_1.3.0_1935175002_linux_gtk_x86_64/plugins/com.st.stm32cube.ide.mcu.externaltools.gnu-tools-for-stm32.7-2018-q2-update.linux64_1.4.0.202007081208/tools/bin/../lib/gcc/arm-none-eabi/7.3.1/../../../../arm-none-eabi/lib/thumb/v7e-m/fpv4-sp/hard/libc_nano.a(lib_a-nano-mallocr.o)
 .ARM.attributes
                0x0000000000000569       0x34 /home/xenir/.eclipse/com.st.stm32cube.ide.mcu.rcp.product_1.3.0_1935175002_linux_gtk_x86_64/plugins/com.st.stm32cube.ide.mcu.externaltools.gnu-tools-for-stm32.7-2018-q2-update.linux64_1.4.0.202007081208/tools/bin/../lib/gcc/arm-none-eabi/7.3.1/../../../../arm-none-eabi/lib/thumb/v7e-m/fpv4-sp/hard/libc_nano.a(lib_a-sbrkr.o)
 .ARM.attributes
                0x000000000000059d       0x34 /home/xenir/.eclipse/com.st.stm32cube.ide.mcu.rcp.product_1.3.0_1935175002_linux_gtk_x86_64/plugins/com.st.stm32cube.ide.mcu.externaltools.gnu-tools-for-stm32.7-2018-q2-update.linux64_1.4.0.202007081208/tools/bin/../lib/gcc/arm-none-eabi/7.3.1/../../../../arm-none-eabi/lib/thumb/v7e-m/fpv4-sp/hard/libc_nano.a(lib_a-signal.o)
 .ARM.attributes
                0x00000000000005d1       0x34 /home/xenir/.eclipse/com.st.stm32cube.ide.mcu.rcp.product_1.3.0_1935175002_linux_gtk_x86_64/plugins/com.st.stm32cube.ide.mcu.externaltools.gnu-tools-for-stm32.7-2018-q2-update.linux64_1.4.0.202007081208/tools/bin/../lib/gcc/arm-none-eabi/7.3.1/../../../../arm-none-eabi/lib/thumb/v7e-m/fpv4-sp/hard/libc_nano.a(lib_a-signalr.o)
 .ARM.attributes
                0x0000000000000605       0x34 /home/xenir/.eclipse/com.st.stm32cube.ide.mcu.rcp.product_1.3.0_1935175002_linux_gtk_x86_64/plugins/com.st.stm32cube.ide.mcu.externaltools.gnu-tools-for-stm32.7-2018-q2-update.linux64_1.4.0.202007081208/tools/bin/../lib/gcc/arm-none-eabi/7.3.1/../../../../arm-none-eabi/lib/thumb/v7e-m/fpv4-sp/hard/libc_nano.a(lib_a-mlock.o)
 .ARM.attributes
                0x0000000000000639       0x34 /home/xenir/.eclipse/com.st.stm32cube.ide.mcu.rcp.product_1.3.0_1935175002_linux_gtk_x86_64/plugins/com.st.stm32cube.ide.mcu.externaltools.gnu-tools-for-stm32.7-2018-q2-update.linux64_1.4.0.202007081208/tools/bin/../lib/gcc/arm-none-eabi/7.3.1/../../../../arm-none-eabi/lib/thumb/v7e-m/fpv4-sp/hard/libc_nano.a(lib_a-reent.o)
 .ARM.attributes
                0x000000000000066d       0x22 /home/xenir/.eclipse/com.st.stm32cube.ide.mcu.rcp.product_1.3.0_1935175002_linux_gtk_x86_64/plugins/com.st.stm32cube.ide.mcu.externaltools.gnu-tools-for-stm32.7-2018-q2-update.linux64_1.4.0.202007081208/tools/bin/../lib/gcc/arm-none-eabi/7.3.1/thumb/v7e-m/fpv4-sp/hard/libgcc.a(_aeabi_uldivmod.o)
 .ARM.attributes
                0x000000000000068f       0x34 /home/xenir/.eclipse/com.st.stm32cube.ide.mcu.rcp.product_1.3.0_1935175002_linux_gtk_x86_64/plugins/com.st.stm32cube.ide.mcu.externaltools.gnu-tools-for-stm32.7-2018-q2-update.linux64_1.4.0.202007081208/tools/bin/../lib/gcc/arm-none-eabi/7.3.1/thumb/v7e-m/fpv4-sp/hard/libgcc.a(_udivmoddi4.o)
 .ARM.attributes
                0x00000000000006c3       0x22 /home/xenir/.eclipse/com.st.stm32cube.ide.mcu.rcp.product_1.3.0_1935175002_linux_gtk_x86_64/plugins/com.st.stm32cube.ide.mcu.externaltools.gnu-tools-for-stm32.7-2018-q2-update.linux64_1.4.0.202007081208/tools/bin/../lib/gcc/arm-none-eabi/7.3.1/thumb/v7e-m/fpv4-sp/hard/libgcc.a(_dvmd_tls.o)
 .ARM.attributes
                0x00000000000006e5       0x22 /home/xenir/.eclipse/com.st.stm32cube.ide.mcu.rcp.product_1.3.0_1935175002_linux_gtk_x86_64/plugins/com.st.stm32cube.ide.mcu.externaltools.gnu-tools-for-stm32.7-2018-q2-update.linux64_1.4.0.202007081208/tools/bin/../lib/gcc/arm-none-eabi/7.3.1/thumb/v7e-m/fpv4-sp/hard/crtn.o
OUTPUT(Black Pill Simon.elf elf32-littlearm)

.debug_info     0x0000000000000000     0xba8c
 .debug_info    0x0000000000000000      0x596 Core/Src/Bounce2.o
 .debug_info    0x0000000000000596      0xbb2 Core/Src/SimonButton.o
 .debug_info    0x0000000000001148     0x21fb Core/Src/main.o
 .debug_info    0x0000000000003343      0x9ff Core/Src/stm32f4xx_hal_msp.o
 .debug_info    0x0000000000003d42      0x20a Core/Src/stm32f4xx_it.o
 .debug_info    0x0000000000003f4c      0xebd Core/Src/syscalls.o
 .debug_info    0x0000000000004e09      0x985 Core/Src/sysmem.o
 .debug_info    0x000000000000578e      0x57e Core/Src/system_stm32f4xx.o
 .debug_info    0x0000000000005d0c       0x22 Core/Startup/startup_stm32f411ceux.o
 .debug_info    0x0000000000005d2e      0x8d5 Drivers/STM32F4xx_HAL_Driver/Src/stm32f4xx_hal.o
 .debug_info    0x0000000000006603      0xd98 Drivers/STM32F4xx_HAL_Driver/Src/stm32f4xx_hal_cortex.o
 .debug_info    0x000000000000739b      0x7d7 Drivers/STM32F4xx_HAL_Driver/Src/stm32f4xx_hal_gpio.o
 .debug_info    0x0000000000007b72      0x92a Drivers/STM32F4xx_HAL_Driver/Src/stm32f4xx_hal_rcc.o
 .debug_info    0x000000000000849c     0x24a1 Drivers/STM32F4xx_HAL_Driver/Src/stm32f4xx_hal_tim.o
 .debug_info    0x000000000000a93d     0x114f Drivers/STM32F4xx_HAL_Driver/Src/stm32f4xx_hal_tim_ex.o

.debug_abbrev   0x0000000000000000     0x1e67
 .debug_abbrev  0x0000000000000000      0x22e Core/Src/Bounce2.o
 .debug_abbrev  0x000000000000022e      0x270 Core/Src/SimonButton.o
 .debug_abbrev  0x000000000000049e      0x4ad Core/Src/main.o
 .debug_abbrev  0x000000000000094b      0x1b7 Core/Src/stm32f4xx_hal_msp.o
 .debug_abbrev  0x0000000000000b02       0xc6 Core/Src/stm32f4xx_it.o
 .debug_abbrev  0x0000000000000bc8      0x261 Core/Src/syscalls.o
 .debug_abbrev  0x0000000000000e29      0x19b Core/Src/sysmem.o
 .debug_abbrev  0x0000000000000fc4      0x12b Core/Src/system_stm32f4xx.o
 .debug_abbrev  0x00000000000010ef       0x12 Core/Startup/startup_stm32f411ceux.o
 .debug_abbrev  0x0000000000001101      0x1f2 Drivers/STM32F4xx_HAL_Driver/Src/stm32f4xx_hal.o
 .debug_abbrev  0x00000000000012f3      0x2fa Drivers/STM32F4xx_HAL_Driver/Src/stm32f4xx_hal_cortex.o
 .debug_abbrev  0x00000000000015ed      0x1c9 Drivers/STM32F4xx_HAL_Driver/Src/stm32f4xx_hal_gpio.o
 .debug_abbrev  0x00000000000017b6      0x245 Drivers/STM32F4xx_HAL_Driver/Src/stm32f4xx_hal_rcc.o
 .debug_abbrev  0x00000000000019fb      0x23f Drivers/STM32F4xx_HAL_Driver/Src/stm32f4xx_hal_tim.o
 .debug_abbrev  0x0000000000001c3a      0x22d Drivers/STM32F4xx_HAL_Driver/Src/stm32f4xx_hal_tim_ex.o

.debug_aranges  0x0000000000000000      0xac0
 .debug_aranges
                0x0000000000000000       0x60 Core/Src/Bounce2.o
 .debug_aranges
                0x0000000000000060       0x40 Core/Src/SimonButton.o
 .debug_aranges
                0x00000000000000a0       0x90 Core/Src/main.o
 .debug_aranges
                0x0000000000000130       0x38 Core/Src/stm32f4xx_hal_msp.o
 .debug_aranges
                0x0000000000000168       0x60 Core/Src/stm32f4xx_it.o
 .debug_aranges
                0x00000000000001c8       0xa8 Core/Src/syscalls.o
 .debug_aranges
                0x0000000000000270       0x20 Core/Src/sysmem.o
 .debug_aranges
                0x0000000000000290       0x28 Core/Src/system_stm32f4xx.o
 .debug_aranges
                0x00000000000002b8       0x28 Core/Startup/startup_stm32f411ceux.o
 .debug_aranges
                0x00000000000002e0       0xf0 Drivers/STM32F4xx_HAL_Driver/Src/stm32f4xx_hal.o
 .debug_aranges
                0x00000000000003d0      0x118 Drivers/STM32F4xx_HAL_Driver/Src/stm32f4xx_hal_cortex.o
 .debug_aranges
                0x00000000000004e8       0x58 Drivers/STM32F4xx_HAL_Driver/Src/stm32f4xx_hal_gpio.o
 .debug_aranges
                0x0000000000000540       0x88 Drivers/STM32F4xx_HAL_Driver/Src/stm32f4xx_hal_rcc.o
 .debug_aranges
                0x00000000000005c8      0x3a8 Drivers/STM32F4xx_HAL_Driver/Src/stm32f4xx_hal_tim.o
 .debug_aranges
                0x0000000000000970      0x150 Drivers/STM32F4xx_HAL_Driver/Src/stm32f4xx_hal_tim_ex.o

.debug_ranges   0x0000000000000000      0x9d8
 .debug_ranges  0x0000000000000000       0x50 Core/Src/Bounce2.o
 .debug_ranges  0x0000000000000050       0x30 Core/Src/SimonButton.o
 .debug_ranges  0x0000000000000080       0x80 Core/Src/main.o
 .debug_ranges  0x0000000000000100       0x28 Core/Src/stm32f4xx_hal_msp.o
 .debug_ranges  0x0000000000000128       0x50 Core/Src/stm32f4xx_it.o
 .debug_ranges  0x0000000000000178       0x98 Core/Src/syscalls.o
 .debug_ranges  0x0000000000000210       0x10 Core/Src/sysmem.o
 .debug_ranges  0x0000000000000220       0x18 Core/Src/system_stm32f4xx.o
 .debug_ranges  0x0000000000000238       0x20 Core/Startup/startup_stm32f411ceux.o
 .debug_ranges  0x0000000000000258       0xe0 Drivers/STM32F4xx_HAL_Driver/Src/stm32f4xx_hal.o
 .debug_ranges  0x0000000000000338      0x108 Drivers/STM32F4xx_HAL_Driver/Src/stm32f4xx_hal_cortex.o
 .debug_ranges  0x0000000000000440       0x48 Drivers/STM32F4xx_HAL_Driver/Src/stm32f4xx_hal_gpio.o
 .debug_ranges  0x0000000000000488       0x78 Drivers/STM32F4xx_HAL_Driver/Src/stm32f4xx_hal_rcc.o
 .debug_ranges  0x0000000000000500      0x398 Drivers/STM32F4xx_HAL_Driver/Src/stm32f4xx_hal_tim.o
 .debug_ranges  0x0000000000000898      0x140 Drivers/STM32F4xx_HAL_Driver/Src/stm32f4xx_hal_tim_ex.o

.debug_macro    0x0000000000000000    0x19909
 .debug_macro   0x0000000000000000      0x246 Core/Src/Bounce2.o
 .debug_macro   0x0000000000000246      0xb2c Core/Src/Bounce2.o
 .debug_macro   0x0000000000000d72      0x28e Core/Src/Bounce2.o
 .debug_macro   0x0000000000001000       0x2e Core/Src/Bounce2.o
 .debug_macro   0x000000000000102e       0x28 Core/Src/Bounce2.o
 .debug_macro   0x0000000000001056       0x1c Core/Src/Bounce2.o
 .debug_macro   0x0000000000001072       0x22 Core/Src/Bounce2.o
 .debug_macro   0x0000000000001094       0x8e Core/Src/Bounce2.o
 .debug_macro   0x0000000000001122       0x51 Core/Src/Bounce2.o
 .debug_macro   0x0000000000001173       0xef Core/Src/Bounce2.o
 .debug_macro   0x0000000000001262       0x6a Core/Src/Bounce2.o
 .debug_macro   0x00000000000012cc      0x1df Core/Src/Bounce2.o
 .debug_macro   0x00000000000014ab       0x1c Core/Src/Bounce2.o
 .debug_macro   0x00000000000014c7       0x22 Core/Src/Bounce2.o
 .debug_macro   0x00000000000014e9       0xdf Core/Src/Bounce2.o
 .debug_macro   0x00000000000015c8     0x102d Core/Src/Bounce2.o
 .debug_macro   0x00000000000025f5      0x11f Core/Src/Bounce2.o
 .debug_macro   0x0000000000002714     0xb937 Core/Src/Bounce2.o
 .debug_macro   0x000000000000e04b       0x43 Core/Src/Bounce2.o
 .debug_macro   0x000000000000e08e     0x3659 Core/Src/Bounce2.o
 .debug_macro   0x00000000000116e7      0x17b Core/Src/Bounce2.o
 .debug_macro   0x0000000000011862       0x5a Core/Src/Bounce2.o
 .debug_macro   0x00000000000118bc      0x447 Core/Src/Bounce2.o
 .debug_macro   0x0000000000011d03      0x9fe Core/Src/Bounce2.o
 .debug_macro   0x0000000000012701      0x117 Core/Src/Bounce2.o
 .debug_macro   0x0000000000012818      0x11b Core/Src/Bounce2.o
 .debug_macro   0x0000000000012933       0x27 Core/Src/Bounce2.o
 .debug_macro   0x000000000001295a      0x15f Core/Src/Bounce2.o
 .debug_macro   0x0000000000012ab9      0x287 Core/Src/Bounce2.o
 .debug_macro   0x0000000000012d40       0x5f Core/Src/Bounce2.o
 .debug_macro   0x0000000000012d9f      0x236 Core/Src/Bounce2.o
 .debug_macro   0x0000000000012fd5      0x132 Core/Src/Bounce2.o
 .debug_macro   0x0000000000013107      0x264 Core/Src/Bounce2.o
 .debug_macro   0x000000000001336b       0x2e Core/Src/Bounce2.o
 .debug_macro   0x0000000000013399      0x11a Core/Src/Bounce2.o
 .debug_macro   0x00000000000134b3       0x85 Core/Src/Bounce2.o
 .debug_macro   0x0000000000013538       0x89 Core/Src/Bounce2.o
 .debug_macro   0x00000000000135c1      0x8a0 Core/Src/Bounce2.o
 .debug_macro   0x0000000000013e61       0x47 Core/Src/Bounce2.o
 .debug_macro   0x0000000000013ea8      0x126 Core/Src/Bounce2.o
 .debug_macro   0x0000000000013fce       0x46 Core/Src/Bounce2.o
 .debug_macro   0x0000000000014014       0x18 Core/Src/Bounce2.o
 .debug_macro   0x000000000001402c       0x3c Core/Src/Bounce2.o
 .debug_macro   0x0000000000014068       0x3a Core/Src/Bounce2.o
 .debug_macro   0x00000000000140a2       0x35 Core/Src/Bounce2.o
 .debug_macro   0x00000000000140d7      0x460 Core/Src/Bounce2.o
 .debug_macro   0x0000000000014537       0x16 Core/Src/Bounce2.o
 .debug_macro   0x000000000001454d      0x237 Core/Src/SimonButton.o
 .debug_macro   0x0000000000014784       0x10 Core/Src/SimonButton.o
 .debug_macro   0x0000000000014794      0x32f Core/Src/main.o
 .debug_macro   0x0000000000014ac3       0x64 Core/Src/main.o
 .debug_macro   0x0000000000014b27      0x168 Core/Src/main.o
 .debug_macro   0x0000000000014c8f       0x10 Core/Src/main.o
 .debug_macro   0x0000000000014c9f      0x3f4 Core/Src/main.o
 .debug_macro   0x0000000000015093       0x10 Core/Src/main.o
 .debug_macro   0x00000000000150a3       0x34 Core/Src/main.o
 .debug_macro   0x00000000000150d7       0x16 Core/Src/main.o
 .debug_macro   0x00000000000150ed       0x52 Core/Src/main.o
 .debug_macro   0x000000000001513f       0x1f Core/Src/main.o
 .debug_macro   0x000000000001515e       0x43 Core/Src/main.o
 .debug_macro   0x00000000000151a1       0x20 Core/Src/main.o
 .debug_macro   0x00000000000151c1      0x1a3 Core/Src/main.o
 .debug_macro   0x0000000000015364      0x34d Core/Src/main.o
 .debug_macro   0x00000000000156b1       0x16 Core/Src/main.o
 .debug_macro   0x00000000000156c7       0x29 Core/Src/main.o
 .debug_macro   0x00000000000156f0       0x1c Core/Src/main.o
 .debug_macro   0x000000000001570c       0xde Core/Src/main.o
 .debug_macro   0x00000000000157ea       0x10 Core/Src/main.o
 .debug_macro   0x00000000000157fa      0x1d3 Core/Src/stm32f4xx_hal_msp.o
 .debug_macro   0x00000000000159cd      0xa5a Core/Src/stm32f4xx_hal_msp.o
 .debug_macro   0x0000000000016427     0x102d Core/Src/stm32f4xx_hal_msp.o
 .debug_macro   0x0000000000017454      0x174 Core/Src/stm32f4xx_hal_msp.o
 .debug_macro   0x00000000000175c8      0x1dd Core/Src/stm32f4xx_it.o
 .debug_macro   0x00000000000177a5      0x243 Core/Src/syscalls.o
 .debug_macro   0x00000000000179e8       0x40 Core/Src/syscalls.o
 .debug_macro   0x0000000000017a28       0x94 Core/Src/syscalls.o
 .debug_macro   0x0000000000017abc       0x34 Core/Src/syscalls.o
 .debug_macro   0x0000000000017af0       0x57 Core/Src/syscalls.o
 .debug_macro   0x0000000000017b47      0x330 Core/Src/syscalls.o
 .debug_macro   0x0000000000017e77       0x43 Core/Src/syscalls.o
 .debug_macro   0x0000000000017eba       0x10 Core/Src/syscalls.o
 .debug_macro   0x0000000000017eca       0x35 Core/Src/syscalls.o
 .debug_macro   0x0000000000017eff       0x10 Core/Src/syscalls.o
 .debug_macro   0x0000000000017f0f       0x10 Core/Src/syscalls.o
 .debug_macro   0x0000000000017f1f       0x10 Core/Src/syscalls.o
 .debug_macro   0x0000000000017f2f       0x1c Core/Src/syscalls.o
 .debug_macro   0x0000000000017f4b       0x52 Core/Src/syscalls.o
 .debug_macro   0x0000000000017f9d       0x40 Core/Src/syscalls.o
 .debug_macro   0x0000000000017fdd       0x10 Core/Src/syscalls.o
 .debug_macro   0x0000000000017fed       0x40 Core/Src/syscalls.o
 .debug_macro   0x000000000001802d       0xd7 Core/Src/syscalls.o
 .debug_macro   0x0000000000018104       0x1c Core/Src/syscalls.o
 .debug_macro   0x0000000000018120       0x3d Core/Src/syscalls.o
 .debug_macro   0x000000000001815d       0x35 Core/Src/syscalls.o
 .debug_macro   0x0000000000018192      0x122 Core/Src/syscalls.o
 .debug_macro   0x00000000000182b4       0x10 Core/Src/syscalls.o
 .debug_macro   0x00000000000182c4      0x241 Core/Src/syscalls.o
 .debug_macro   0x0000000000018505       0x1c Core/Src/syscalls.o
 .debug_macro   0x0000000000018521       0x10 Core/Src/syscalls.o
 .debug_macro   0x0000000000018531       0x10 Core/Src/syscalls.o
 .debug_macro   0x0000000000018541       0x16 Core/Src/syscalls.o
 .debug_macro   0x0000000000018557      0x145 Core/Src/syscalls.o
 .debug_macro   0x000000000001869c      0x189 Core/Src/syscalls.o
 .debug_macro   0x0000000000018825       0x16 Core/Src/syscalls.o
 .debug_macro   0x000000000001883b       0x88 Core/Src/syscalls.o
 .debug_macro   0x00000000000188c3       0xee Core/Src/sysmem.o
 .debug_macro   0x00000000000189b1      0x23b Core/Src/sysmem.o
 .debug_macro   0x0000000000018bec      0x1ca Core/Src/system_stm32f4xx.o
 .debug_macro   0x0000000000018db6      0x224 Drivers/STM32F4xx_HAL_Driver/Src/stm32f4xx_hal.o
 .debug_macro   0x0000000000018fda      0x1c4 Drivers/STM32F4xx_HAL_Driver/Src/stm32f4xx_hal_cortex.o
 .debug_macro   0x000000000001919e      0x1fa Drivers/STM32F4xx_HAL_Driver/Src/stm32f4xx_hal_gpio.o
 .debug_macro   0x0000000000019398      0x1e8 Drivers/STM32F4xx_HAL_Driver/Src/stm32f4xx_hal_rcc.o
 .debug_macro   0x0000000000019580      0x1c5 Drivers/STM32F4xx_HAL_Driver/Src/stm32f4xx_hal_tim.o
 .debug_macro   0x0000000000019745      0x1c4 Drivers/STM32F4xx_HAL_Driver/Src/stm32f4xx_hal_tim_ex.o

.debug_line     0x0000000000000000     0x94b1
 .debug_line    0x0000000000000000      0x9a0 Core/Src/Bounce2.o
 .debug_line    0x00000000000009a0      0x93a Core/Src/SimonButton.o
 .debug_line    0x00000000000012da      0xe48 Core/Src/main.o
 .debug_line    0x0000000000002122      0x7c9 Core/Src/stm32f4xx_hal_msp.o
 .debug_line    0x00000000000028eb      0x82d Core/Src/stm32f4xx_it.o
 .debug_line    0x0000000000003118      0x856 Core/Src/syscalls.o
 .debug_line    0x000000000000396e      0x5df Core/Src/sysmem.o
 .debug_line    0x0000000000003f4d      0x7a4 Core/Src/system_stm32f4xx.o
 .debug_line    0x00000000000046f1       0x85 Core/Startup/startup_stm32f411ceux.o
 .debug_line    0x0000000000004776      0x98e Drivers/STM32F4xx_HAL_Driver/Src/stm32f4xx_hal.o
 .debug_line    0x0000000000005104      0xab2 Drivers/STM32F4xx_HAL_Driver/Src/stm32f4xx_hal_cortex.o
 .debug_line    0x0000000000005bb6      0x931 Drivers/STM32F4xx_HAL_Driver/Src/stm32f4xx_hal_gpio.o
 .debug_line    0x00000000000064e7      0x9e6 Drivers/STM32F4xx_HAL_Driver/Src/stm32f4xx_hal_rcc.o
 .debug_line    0x0000000000006ecd     0x184b Drivers/STM32F4xx_HAL_Driver/Src/stm32f4xx_hal_tim.o
 .debug_line    0x0000000000008718      0xd99 Drivers/STM32F4xx_HAL_Driver/Src/stm32f4xx_hal_tim_ex.o

.debug_str      0x0000000000000000    0x8ebbc
 .debug_str     0x0000000000000000    0x84fc1 Core/Src/Bounce2.o
                                      0x852ab (size before relaxing)
 .debug_str     0x0000000000084fc1      0x5d0 Core/Src/SimonButton.o
                                      0x8596f (size before relaxing)
 .debug_str     0x0000000000085591     0x4c9f Core/Src/main.o
                                      0x8a7e2 (size before relaxing)
 .debug_str     0x000000000008a230      0x247 Core/Src/stm32f4xx_hal_msp.o
                                      0x8404e (size before relaxing)
 .debug_str     0x000000000008a477       0xbd Core/Src/stm32f4xx_it.o
                                      0x83ae0 (size before relaxing)
 .debug_str     0x000000000008a534     0x2350 Core/Src/syscalls.o
                                       0x889b (size before relaxing)
 .debug_str     0x000000000008c884       0x6b Core/Src/sysmem.o
                                       0x5f69 (size before relaxing)
 .debug_str     0x000000000008c8ef       0xc4 Core/Src/system_stm32f4xx.o
                                      0x83a3d (size before relaxing)
 .debug_str     0x000000000008c9b3       0x36 Core/Startup/startup_stm32f411ceux.o
                                         0x76 (size before relaxing)
 .debug_str     0x000000000008c9e9      0x902 Drivers/STM32F4xx_HAL_Driver/Src/stm32f4xx_hal.o
                                      0x843b2 (size before relaxing)
 .debug_str     0x000000000008d2eb      0x390 Drivers/STM32F4xx_HAL_Driver/Src/stm32f4xx_hal_cortex.o
                                      0x8418f (size before relaxing)
 .debug_str     0x000000000008d67b      0x1fe Drivers/STM32F4xx_HAL_Driver/Src/stm32f4xx_hal_gpio.o
                                      0x83c7c (size before relaxing)
 .debug_str     0x000000000008d879      0x24e Drivers/STM32F4xx_HAL_Driver/Src/stm32f4xx_hal_rcc.o
                                      0x83e2a (size before relaxing)
 .debug_str     0x000000000008dac7      0xc53 Drivers/STM32F4xx_HAL_Driver/Src/stm32f4xx_hal_tim.o
                                      0x84b37 (size before relaxing)
 .debug_str     0x000000000008e71a      0x4a2 Drivers/STM32F4xx_HAL_Driver/Src/stm32f4xx_hal_tim_ex.o
                                      0x84337 (size before relaxing)

.comment        0x0000000000000000       0x7b
 .comment       0x0000000000000000       0x7b Core/Src/Bounce2.o
                                         0x7c (size before relaxing)
 .comment       0x000000000000007b       0x7c Core/Src/SimonButton.o
 .comment       0x000000000000007b       0x7c Core/Src/main.o
 .comment       0x000000000000007b       0x7c Core/Src/stm32f4xx_hal_msp.o
 .comment       0x000000000000007b       0x7c Core/Src/stm32f4xx_it.o
 .comment       0x000000000000007b       0x7c Core/Src/syscalls.o
 .comment       0x000000000000007b       0x7c Core/Src/sysmem.o
 .comment       0x000000000000007b       0x7c Core/Src/system_stm32f4xx.o
 .comment       0x000000000000007b       0x7c Drivers/STM32F4xx_HAL_Driver/Src/stm32f4xx_hal.o
 .comment       0x000000000000007b       0x7c Drivers/STM32F4xx_HAL_Driver/Src/stm32f4xx_hal_cortex.o
 .comment       0x000000000000007b       0x7c Drivers/STM32F4xx_HAL_Driver/Src/stm32f4xx_hal_gpio.o
 .comment       0x000000000000007b       0x7c Drivers/STM32F4xx_HAL_Driver/Src/stm32f4xx_hal_rcc.o
 .comment       0x000000000000007b       0x7c Drivers/STM32F4xx_HAL_Driver/Src/stm32f4xx_hal_tim.o
 .comment       0x000000000000007b       0x7c Drivers/STM32F4xx_HAL_Driver/Src/stm32f4xx_hal_tim_ex.o

.debug_frame    0x0000000000000000     0x2eb0
 .debug_frame   0x0000000000000000      0x168 Core/Src/Bounce2.o
 .debug_frame   0x0000000000000168       0xcc Core/Src/SimonButton.o
 .debug_frame   0x0000000000000234      0x234 Core/Src/main.o
 .debug_frame   0x0000000000000468       0xac Core/Src/stm32f4xx_hal_msp.o
 .debug_frame   0x0000000000000514      0x10c Core/Src/stm32f4xx_it.o
 .debug_frame   0x0000000000000620      0x2ac Core/Src/syscalls.o
 .debug_frame   0x00000000000008cc       0x34 Core/Src/sysmem.o
 .debug_frame   0x0000000000000900       0x58 Core/Src/system_stm32f4xx.o
 .debug_frame   0x0000000000000958      0x374 Drivers/STM32F4xx_HAL_Driver/Src/stm32f4xx_hal.o
 .debug_frame   0x0000000000000ccc      0x498 Drivers/STM32F4xx_HAL_Driver/Src/stm32f4xx_hal_cortex.o
 .debug_frame   0x0000000000001164      0x14c Drivers/STM32F4xx_HAL_Driver/Src/stm32f4xx_hal_gpio.o
 .debug_frame   0x00000000000012b0      0x1f0 Drivers/STM32F4xx_HAL_Driver/Src/stm32f4xx_hal_rcc.o
 .debug_frame   0x00000000000014a0     0x10e8 Drivers/STM32F4xx_HAL_Driver/Src/stm32f4xx_hal_tim.o
 .debug_frame   0x0000000000002588      0x5c0 Drivers/STM32F4xx_HAL_Driver/Src/stm32f4xx_hal_tim_ex.o
 .debug_frame   0x0000000000002b48       0x28 /home/xenir/.eclipse/com.st.stm32cube.ide.mcu.rcp.product_1.3.0_1935175002_linux_gtk_x86_64/plugins/com.st.stm32cube.ide.mcu.externaltools.gnu-tools-for-stm32.7-2018-q2-update.linux64_1.4.0.202007081208/tools/bin/../lib/gcc/arm-none-eabi/7.3.1/../../../../arm-none-eabi/lib/thumb/v7e-m/fpv4-sp/hard/libstdc++_nano.a(new_op.o)
 .debug_frame   0x0000000000002b70       0x30 /home/xenir/.eclipse/com.st.stm32cube.ide.mcu.rcp.product_1.3.0_1935175002_linux_gtk_x86_64/plugins/com.st.stm32cube.ide.mcu.externaltools.gnu-tools-for-stm32.7-2018-q2-update.linux64_1.4.0.202007081208/tools/bin/../lib/gcc/arm-none-eabi/7.3.1/../../../../arm-none-eabi/lib/thumb/v7e-m/fpv4-sp/hard/libstdc++_nano.a(new_handler.o)
 .debug_frame   0x0000000000002ba0       0x28 /home/xenir/.eclipse/com.st.stm32cube.ide.mcu.rcp.product_1.3.0_1935175002_linux_gtk_x86_64/plugins/com.st.stm32cube.ide.mcu.externaltools.gnu-tools-for-stm32.7-2018-q2-update.linux64_1.4.0.202007081208/tools/bin/../lib/gcc/arm-none-eabi/7.3.1/../../../../arm-none-eabi/lib/thumb/v7e-m/fpv4-sp/hard/libc_nano.a(lib_a-abort.o)
 .debug_frame   0x0000000000002bc8       0x20 /home/xenir/.eclipse/com.st.stm32cube.ide.mcu.rcp.product_1.3.0_1935175002_linux_gtk_x86_64/plugins/com.st.stm32cube.ide.mcu.externaltools.gnu-tools-for-stm32.7-2018-q2-update.linux64_1.4.0.202007081208/tools/bin/../lib/gcc/arm-none-eabi/7.3.1/../../../../arm-none-eabi/lib/thumb/v7e-m/fpv4-sp/hard/libc_nano.a(lib_a-errno.o)
 .debug_frame   0x0000000000002be8       0x2c /home/xenir/.eclipse/com.st.stm32cube.ide.mcu.rcp.product_1.3.0_1935175002_linux_gtk_x86_64/plugins/com.st.stm32cube.ide.mcu.externaltools.gnu-tools-for-stm32.7-2018-q2-update.linux64_1.4.0.202007081208/tools/bin/../lib/gcc/arm-none-eabi/7.3.1/../../../../arm-none-eabi/lib/thumb/v7e-m/fpv4-sp/hard/libc_nano.a(lib_a-init.o)
 .debug_frame   0x0000000000002c14       0x30 /home/xenir/.eclipse/com.st.stm32cube.ide.mcu.rcp.product_1.3.0_1935175002_linux_gtk_x86_64/plugins/com.st.stm32cube.ide.mcu.externaltools.gnu-tools-for-stm32.7-2018-q2-update.linux64_1.4.0.202007081208/tools/bin/../lib/gcc/arm-none-eabi/7.3.1/../../../../arm-none-eabi/lib/thumb/v7e-m/fpv4-sp/hard/libc_nano.a(lib_a-malloc.o)
 .debug_frame   0x0000000000002c44       0x20 /home/xenir/.eclipse/com.st.stm32cube.ide.mcu.rcp.product_1.3.0_1935175002_linux_gtk_x86_64/plugins/com.st.stm32cube.ide.mcu.externaltools.gnu-tools-for-stm32.7-2018-q2-update.linux64_1.4.0.202007081208/tools/bin/../lib/gcc/arm-none-eabi/7.3.1/../../../../arm-none-eabi/lib/thumb/v7e-m/fpv4-sp/hard/libc_nano.a(lib_a-memset.o)
 .debug_frame   0x0000000000002c64       0x2c /home/xenir/.eclipse/com.st.stm32cube.ide.mcu.rcp.product_1.3.0_1935175002_linux_gtk_x86_64/plugins/com.st.stm32cube.ide.mcu.externaltools.gnu-tools-for-stm32.7-2018-q2-update.linux64_1.4.0.202007081208/tools/bin/../lib/gcc/arm-none-eabi/7.3.1/../../../../arm-none-eabi/lib/thumb/v7e-m/fpv4-sp/hard/libc_nano.a(lib_a-nano-mallocr.o)
 .debug_frame   0x0000000000002c90       0x2c /home/xenir/.eclipse/com.st.stm32cube.ide.mcu.rcp.product_1.3.0_1935175002_linux_gtk_x86_64/plugins/com.st.stm32cube.ide.mcu.externaltools.gnu-tools-for-stm32.7-2018-q2-update.linux64_1.4.0.202007081208/tools/bin/../lib/gcc/arm-none-eabi/7.3.1/../../../../arm-none-eabi/lib/thumb/v7e-m/fpv4-sp/hard/libc_nano.a(lib_a-sbrkr.o)
 .debug_frame   0x0000000000002cbc       0xcc /home/xenir/.eclipse/com.st.stm32cube.ide.mcu.rcp.product_1.3.0_1935175002_linux_gtk_x86_64/plugins/com.st.stm32cube.ide.mcu.externaltools.gnu-tools-for-stm32.7-2018-q2-update.linux64_1.4.0.202007081208/tools/bin/../lib/gcc/arm-none-eabi/7.3.1/../../../../arm-none-eabi/lib/thumb/v7e-m/fpv4-sp/hard/libc_nano.a(lib_a-signal.o)
 .debug_frame   0x0000000000002d88       0x3c /home/xenir/.eclipse/com.st.stm32cube.ide.mcu.rcp.product_1.3.0_1935175002_linux_gtk_x86_64/plugins/com.st.stm32cube.ide.mcu.externaltools.gnu-tools-for-stm32.7-2018-q2-update.linux64_1.4.0.202007081208/tools/bin/../lib/gcc/arm-none-eabi/7.3.1/../../../../arm-none-eabi/lib/thumb/v7e-m/fpv4-sp/hard/libc_nano.a(lib_a-signalr.o)
 .debug_frame   0x0000000000002dc4       0x30 /home/xenir/.eclipse/com.st.stm32cube.ide.mcu.rcp.product_1.3.0_1935175002_linux_gtk_x86_64/plugins/com.st.stm32cube.ide.mcu.externaltools.gnu-tools-for-stm32.7-2018-q2-update.linux64_1.4.0.202007081208/tools/bin/../lib/gcc/arm-none-eabi/7.3.1/../../../../arm-none-eabi/lib/thumb/v7e-m/fpv4-sp/hard/libc_nano.a(lib_a-mlock.o)
 .debug_frame   0x0000000000002df4       0x5c /home/xenir/.eclipse/com.st.stm32cube.ide.mcu.rcp.product_1.3.0_1935175002_linux_gtk_x86_64/plugins/com.st.stm32cube.ide.mcu.externaltools.gnu-tools-for-stm32.7-2018-q2-update.linux64_1.4.0.202007081208/tools/bin/../lib/gcc/arm-none-eabi/7.3.1/../../../../arm-none-eabi/lib/thumb/v7e-m/fpv4-sp/hard/libc_nano.a(lib_a-reent.o)
 .debug_frame   0x0000000000002e50       0x2c /home/xenir/.eclipse/com.st.stm32cube.ide.mcu.rcp.product_1.3.0_1935175002_linux_gtk_x86_64/plugins/com.st.stm32cube.ide.mcu.externaltools.gnu-tools-for-stm32.7-2018-q2-update.linux64_1.4.0.202007081208/tools/bin/../lib/gcc/arm-none-eabi/7.3.1/thumb/v7e-m/fpv4-sp/hard/libgcc.a(_aeabi_uldivmod.o)
 .debug_frame   0x0000000000002e7c       0x34 /home/xenir/.eclipse/com.st.stm32cube.ide.mcu.rcp.product_1.3.0_1935175002_linux_gtk_x86_64/plugins/com.st.stm32cube.ide.mcu.externaltools.gnu-tools-for-stm32.7-2018-q2-update.linux64_1.4.0.202007081208/tools/bin/../lib/gcc/arm-none-eabi/7.3.1/thumb/v7e-m/fpv4-sp/hard/libgcc.a(_udivmoddi4.o)
