SimonButton.h:17:10:void SimonButton::attachButton(Bounce*)	16	static
SimonButton.h:18:10:void SimonButton::attachLed(GPIO_TypeDef*, uint16_t)	24	static
SimonButton.h:19:10:void SimonButton::setTone(int, int)	24	static
SimonButton.h:21:10:bool SimonButton::changed()	16	static
main.cpp:88:5:int main()	32	static
main.cpp:149:6:void SystemClock_Config()	88	static
main.cpp:194:13:void MX_TIM4_Init()	80	static
main.cpp:260:13:void MX_GPIO_Init()	40	static
main.cpp:313:6:void initializeButtons(SimonButton**)	40	static
main.cpp:323:14:SimonButton* addButton(GPIO_TypeDef*, uint16_t, GPIO_TypeDef*, uint16_t, int, int)	40	static
main.cpp:338:6:void buildRandomTones()	16	static
main.cpp:344:6:void setTone(int)	56	static
main.cpp:371:6:void Error_Handler()	4	static
main.cpp:377:1:void __static_initialization_and_destruction_0(int, int)	16	static
main.cpp:377:1:cpp)	8	static
